warning: type does not implement `std::fmt::Debug`; consider adding `#[derive(Debug)]` or a manual implementation
  --> libs/keyforge-model/src/validator.rs:26:1
   |
26 | pub struct LayoutValidator;
   | ^^^^^^^^^^^^^^^^^^^^^^^^^^^
   |
   = note: requested on the command line with `-W missing-debug-implementations`

warning: `keyforge-model` (lib) generated 1 warning
warning: type does not implement `std::fmt::Debug`; consider adding `#[derive(Debug)]` or a manual implementation
  --> libs/keyforge-physics/src/analysis/fingerprint.rs:20:1
   |
20 | / pub struct LayoutIdentity {
21 | |     /// The name of the standard layout (e.g., "Qwerty", "Colemak").
22 | |     pub name: String,
23 | |     /// A similarity score from 0.0 to 1.0.
...  |
26 | |     pub distance: usize,
27 | | }
   | |_^
   |
   = note: requested on the command line with `-W missing-debug-implementations`

warning: type does not implement `std::fmt::Debug`; consider adding `#[derive(Debug)]` or a manual implementation
  --> libs/keyforge-physics/src/verify.rs:23:1
   |
23 | pub struct DeterministicScorer;
   | ^^^^^^^^^^^^^^^^^^^^^^^^^^^^^^^

warning: `keyforge-physics` (lib) generated 2 warnings
warning: type does not implement `Debug`; consider adding `#[derive(Debug)]` or a manual implementation
  --> libs/keyforge-evolution/src/lib.rs:44:1
   |
44 | pub struct NoOpCallback;
   | ^^^^^^^^^^^^^^^^^^^^^^^^
   |
   = note: requested on the command line with `-W missing-debug-implementations`

warning: `keyforge-evolution` (lib) generated 1 warning
warning: type does not implement `Debug`; consider adding `#[derive(Debug)]` or a manual implementation
  --> libs/keyforge-core/src/session.rs:23:1
   |
23 | / pub struct ScoringSession {
24 | |     /// The pre-compiled evaluation engine.
25 | |     pub engine: Arc<ScoringEngine>,
26 | |     /// The registry used for resolving key labels.
...  |
29 | |     pub search_config: SearchConfig,
30 | | }
   | |_^
   |
   = note: requested on the command line with `-W missing-debug-implementations`

warning: `keyforge-core` (lib) generated 1 warning
   Compiling keyforge-infra v0.9.0 (/home/robert/Documents/KeyboardLayouts/DataDrivenAnalysis/keyforge/libs/keyforge-infra)
    Checking keyforge-compute v0.9.0 (/home/robert/Documents/KeyboardLayouts/DataDrivenAnalysis/keyforge/libs/keyforge-compute)
warning: type does not implement `Debug`; consider adding `#[derive(Debug)]` or a manual implementation
  --> libs/keyforge-security/src/lib.rs:49:1
   |
49 | pub struct SecretBytes(Vec<u8>);
   | ^^^^^^^^^^^^^^^^^^^^^^^^^^^^^^^^
   |
   = note: requested on the command line with `-W missing-debug-implementations`

warning: type does not implement `Debug`; consider adding `#[derive(Debug)]` or a manual implementation
  --> libs/keyforge-security/src/lib.rs:68:1
   |
68 | pub struct SecretString(String);
   | ^^^^^^^^^^^^^^^^^^^^^^^^^^^^^^^^

warning: `keyforge-security` (lib) generated 2 warnings
    Checking keyforge-export v0.9.0 (/home/robert/Documents/KeyboardLayouts/DataDrivenAnalysis/keyforge/libs/keyforge-export)
warning: unused import: `error`
  --> libs/keyforge-infra/src/net/sync.rs:10:15
   |
10 | use tracing::{error, info};
   |               ^^^^^
   |
   = note: `#[warn(unused_imports)]` (part of `#[warn(unused)]`) on by default

    Checking keyforge-wasm v0.9.0 (/home/robert/Documents/KeyboardLayouts/DataDrivenAnalysis/keyforge/libs/keyforge-wasm)
warning: `keyforge-infra` (lib) generated 1 warning (run `cargo fix --lib -p keyforge-infra` to apply 1 suggestion)
    Checking keyforge-persistence v0.9.0 (/home/robert/Documents/KeyboardLayouts/DataDrivenAnalysis/keyforge/libs/keyforge-persistence)
    Checking keyforge-assets v0.9.0 (/home/robert/Documents/KeyboardLayouts/DataDrivenAnalysis/keyforge/apps/keyforge-assets)
    Checking keyforge-assetmgr v0.9.0 (/home/robert/Documents/KeyboardLayouts/DataDrivenAnalysis/keyforge/apps/keyforge-assetmgr)
warning: unused import: `warn`
  --> apps/keyforge-assets/src/main.rs:15:21
   |
15 | use tracing::{info, warn};
   |                     ^^^^
   |
   = note: `#[warn(unused_imports)]` (part of `#[warn(unused)]`) on by default

    Checking keyforge-agent v0.9.0 (/home/robert/Documents/KeyboardLayouts/DataDrivenAnalysis/keyforge/apps/keyforge-agent)
    Checking keyforge-hive v0.9.0 (/home/robert/Documents/KeyboardLayouts/DataDrivenAnalysis/keyforge/apps/keyforge-hive)
    Checking keyforge-ui v0.9.0 (/home/robert/Documents/KeyboardLayouts/DataDrivenAnalysis/keyforge/apps/keyforge-ui/src-tauri)
    Checking keyforge-cli v0.9.0 (/home/robert/Documents/KeyboardLayouts/DataDrivenAnalysis/keyforge/apps/keyforge-cli)
warning: `keyforge-assets` (bin "keyforge-assets") generated 1 warning (run `cargo fix --bin "keyforge-assets"` to apply 1 suggestion)
warning: hidden lifetime parameters in types are deprecated
  --> apps/keyforge-ui/src-tauri/src/commands/search.rs:96:50
   |
96 | pub fn cmd_stop_search(search_state: tauri::State<SearchState>) {
   |                                      ------------^------------ expected lifetime parameter
   |
   = note: `-W elided-lifetimes-in-paths` implied by `-W rust-2018-idioms`
   = help: to override `-W rust-2018-idioms` add `#[allow(elided_lifetimes_in_paths)]`
help: indicate the anonymous lifetime
   |
96 | pub fn cmd_stop_search(search_state: tauri::State<'_, SearchState>) {
   |                                                   +++

warning: `keyforge-ui` (lib) generated 1 warning
warning: type does not implement `std::fmt::Debug`; consider adding `#[derive(Debug)]` or a manual implementation
  --> apps/keyforge-hive/src/infra/tui.rs:36:1
   |
36 | / pub struct LogEntry {
37 | |     /// RFC3339 formatted timestamp.
38 | |     pub timestamp: String,
39 | |     /// Log level (e.g., "INFO", "WARN", "ERROR").
...  |
42 | |     pub message: String,
43 | | }
   | |_^
   |
   = note: requested on the command line with `-W missing-debug-implementations`

warning: type does not implement `std::fmt::Debug`; consider adding `#[derive(Debug)]` or a manual implementation
  --> apps/keyforge-hive/src/infra/tui.rs:47:1
   |
47 | / pub struct SystemStatusResponse {
48 | |     /// Aggregate system and cluster metrics.
49 | |     pub metrics: SystemMetrics,
50 | |     /// A collection of recent important log entries.
51 | |     pub logs: Vec<LogEntry>,
52 | | }
   | |_^

warning: `keyforge-hive` (lib) generated 2 warnings
warning: unused import: `Path`
  --> apps/keyforge-hive/src/main.rs:33:17
   |
33 | use std::path::{Path, PathBuf};
   |                 ^^^^
   |
   = note: `#[warn(unused_imports)]` (part of `#[warn(unused)]`) on by default

warning: `keyforge-hive` (bin "keyforge-hive") generated 1 warning (run `cargo fix --bin "keyforge-hive"` to apply 1 suggestion)
    Finished `dev` profile [unoptimized + debuginfo] target(s) in 8.70s
