warning: type does not implement `std::fmt::Debug`; consider adding `#[derive(Debug)]` or a manual implementation
  --> libs/keyforge-model/src/validator.rs:26:1
   |
26 | pub struct LayoutValidator;
   | ^^^^^^^^^^^^^^^^^^^^^^^^^^^
   |
   = note: requested on the command line with `-W missing-debug-implementations`

warning: `keyforge-model` (lib) generated 1 warning
warning: type does not implement `std::fmt::Debug`; consider adding `#[derive(Debug)]` or a manual implementation
  --> libs/keyforge-physics/src/analysis/fingerprint.rs:20:1
   |
20 | / pub struct LayoutIdentity {
21 | |     /// The name of the standard layout (e.g., "Qwerty", "Colemak").
22 | |     pub name: String,
23 | |     /// A similarity score from 0.0 to 1.0.
...  |
26 | |     pub distance: usize,
27 | | }
   | |_^
   |
   = note: requested on the command line with `-W missing-debug-implementations`

warning: type does not implement `std::fmt::Debug`; consider adding `#[derive(Debug)]` or a manual implementation
  --> libs/keyforge-physics/src/verify.rs:23:1
   |
23 | pub struct DeterministicScorer;
   | ^^^^^^^^^^^^^^^^^^^^^^^^^^^^^^^

warning: `keyforge-physics` (lib) generated 2 warnings
warning: type does not implement `Debug`; consider adding `#[derive(Debug)]` or a manual implementation
  --> libs/keyforge-evolution/src/lib.rs:44:1
   |
44 | pub struct NoOpCallback;
   | ^^^^^^^^^^^^^^^^^^^^^^^^
   |
   = note: requested on the command line with `-W missing-debug-implementations`

warning: `keyforge-evolution` (lib) generated 1 warning
warning: type does not implement `Debug`; consider adding `#[derive(Debug)]` or a manual implementation
  --> libs/keyforge-core/src/session.rs:23:1
   |
23 | / pub struct ScoringSession {
24 | |     /// The pre-compiled evaluation engine.
25 | |     pub engine: Arc<ScoringEngine>,
26 | |     /// The registry used for resolving key labels.
...  |
29 | |     pub search_config: SearchConfig,
30 | | }
   | |_^
   |
   = note: requested on the command line with `-W missing-debug-implementations`

warning: `keyforge-core` (lib) generated 1 warning
   Compiling keyforge-infra v0.9.0 (/home/robert/Documents/KeyboardLayouts/DataDrivenAnalysis/keyforge/libs/keyforge-infra)
warning: type does not implement `std::fmt::Debug`; consider adding `#[derive(Debug)]` or a manual implementation
  --> libs/keyforge-compute/src/lib.rs:33:1
   |
33 | / pub struct Runtime {
34 | |     /// The underlying physical scoring engine.
35 | |     pub engine: Arc<ScoringEngine>,
36 | |     /// Registry of all valid keycodes.
...  |
39 | |     pub search_config: SearchConfig,
40 | | }
   | |_^
   |
   = note: requested on the command line with `-W missing-debug-implementations`

warning: type does not implement `std::fmt::Debug`; consider adding `#[derive(Debug)]` or a manual implementation
  --> libs/keyforge-compute/src/builder.rs:32:1
   |
32 | / pub struct SessionBuilder<'a> {
33 | |     loader: &'a dyn AssetLoader,
34 | | }
   | |_^

warning: `keyforge-compute` (lib) generated 2 warnings
warning: type does not implement `Debug`; consider adding `#[derive(Debug)]` or a manual implementation
  --> libs/keyforge-security/src/lib.rs:49:1
   |
49 | pub struct SecretBytes(Vec<u8>);
   | ^^^^^^^^^^^^^^^^^^^^^^^^^^^^^^^^
   |
   = note: requested on the command line with `-W missing-debug-implementations`

warning: type does not implement `Debug`; consider adding `#[derive(Debug)]` or a manual implementation
  --> libs/keyforge-security/src/lib.rs:68:1
   |
68 | pub struct SecretString(String);
   | ^^^^^^^^^^^^^^^^^^^^^^^^^^^^^^^^

warning: `keyforge-security` (lib) generated 2 warnings
warning: type does not implement `Debug`; consider adding `#[derive(Debug)]` or a manual implementation
  --> libs/keyforge-export/src/qmk.rs:23:1
   |
23 | pub struct QmkExporter;
   | ^^^^^^^^^^^^^^^^^^^^^^^
   |
   = note: requested on the command line with `-W missing-debug-implementations`

warning: type does not implement `Debug`; consider adding `#[derive(Debug)]` or a manual implementation
  --> libs/keyforge-export/src/via.rs:23:1
   |
23 | pub struct ViaExporter;
   | ^^^^^^^^^^^^^^^^^^^^^^^

warning: type does not implement `Debug`; consider adding `#[derive(Debug)]` or a manual implementation
  --> libs/keyforge-export/src/zmk.rs:23:1
   |
23 | pub struct ZmkExporter;
   | ^^^^^^^^^^^^^^^^^^^^^^^

warning: `keyforge-export` (lib) generated 3 warnings
    Checking keyforge-wasm v0.9.0 (/home/robert/Documents/KeyboardLayouts/DataDrivenAnalysis/keyforge/libs/keyforge-wasm)
    Checking keyforge-testing v0.9.0 (/home/robert/Documents/KeyboardLayouts/DataDrivenAnalysis/keyforge/libs/keyforge-testing)
warning: unused import: `error`
  --> libs/keyforge-infra/src/net/sync.rs:10:15
   |
10 | use tracing::{error, info};
   |               ^^^^^
   |
   = note: `#[warn(unused_imports)]` (part of `#[warn(unused)]`) on by default

warning: `keyforge-infra` (lib) generated 1 warning (run `cargo fix --lib -p keyforge-infra` to apply 1 suggestion)
    Checking keyforge-persistence v0.9.0 (/home/robert/Documents/KeyboardLayouts/DataDrivenAnalysis/keyforge/libs/keyforge-persistence)
    Checking keyforge-assets v0.9.0 (/home/robert/Documents/KeyboardLayouts/DataDrivenAnalysis/keyforge/apps/keyforge-assets)
    Checking keyforge-assetmgr v0.9.0 (/home/robert/Documents/KeyboardLayouts/DataDrivenAnalysis/keyforge/apps/keyforge-assetmgr)
error[E0277]: `SessionBuilder<'a>` doesn't implement `std::fmt::Debug`
  --> libs/keyforge-persistence/src/compiler.rs:26:5
   |
24 | #[derive(Debug)]
   |          ----- in this derive macro expansion
25 | pub struct Compiler<'a> {
26 |     builder: SessionBuilder<'a>,
   |     ^^^^^^^^^^^^^^^^^^^^^^^^^^^ the trait `std::fmt::Debug` is not implemented for `SessionBuilder<'a>`

warning: unused import: `warn`
  --> apps/keyforge-assets/src/main.rs:15:21
   |
15 | use tracing::{info, warn};
   |                     ^^^^
   |
   = note: `#[warn(unused_imports)]` (part of `#[warn(unused)]`) on by default

For more information about this error, try `rustc --explain E0277`.
error: could not compile `keyforge-persistence` (lib) due to 1 previous error
warning: build failed, waiting for other jobs to finish...
warning: `keyforge-assets` (bin "keyforge-assets") generated 1 warning (run `cargo fix --bin "keyforge-assets"` to apply 1 suggestion)
