   Compiling keyforge-infra v0.9.0 (/home/robert/projects/keyforge/libs/keyforge-infra)
    Checking keyforge-security v0.9.0 (/home/robert/projects/keyforge/libs/keyforge-security)
    Checking keyforge-compute v0.9.0 (/home/robert/projects/keyforge/libs/keyforge-compute)
    Checking keyforge-persistence v0.9.0 (/home/robert/projects/keyforge/libs/keyforge-persistence)
    Checking keyforge-assets v0.9.0 (/home/robert/projects/keyforge/apps/keyforge-assets)
    Checking keyforge-assetmgr v0.9.0 (/home/robert/projects/keyforge/apps/keyforge-assetmgr)
    Checking keyforge-tui v0.9.0 (/home/robert/projects/keyforge/apps/keyforge-tui)
    Checking keyforge-repros v0.1.0 (/home/robert/projects/keyforge/ops/repros)
    Checking keyforge-wasm v0.9.0 (/home/robert/projects/keyforge/libs/keyforge-wasm)
    Checking keyforge-agent v0.9.0 (/home/robert/projects/keyforge/apps/keyforge-agent)
    Checking keyforge-hive v0.9.0 (/home/robert/projects/keyforge/apps/keyforge-hive)
    Checking keyforge-ui v0.9.0 (/home/robert/projects/keyforge/apps/keyforge-ui/src-tauri)
    Checking keyforge-cli v0.9.0 (/home/robert/projects/keyforge/apps/keyforge-cli)
    Checking keyforge-testing v0.9.0 (/home/robert/projects/keyforge/libs/keyforge-testing)
error[E0053]: method `on_progress` has an incompatible type for trait
   --> apps/keyforge-ui/src-tauri/src/commands/search.rs:202:16
    |
202 |         score: f32,
    |                ^^^ expected `keyforge_model::Score`, found `f32`
    |
    = note: expected signature `fn(&commands::search::TauriProgressCallback, _, keyforge_model::Score, &_, _) -> keyforge_compute::OptimizationControl`
               found signature `fn(&commands::search::TauriProgressCallback, _, f32, &_, _) -> keyforge_compute::OptimizationControl`
help: change the parameter type to match the trait
    |
202 -         score: f32,
202 +         score: keyforge_model::Score,
    |

error[E0053]: method `on_progress` has an incompatible type for trait
  --> apps/keyforge-agent/src/agent/telemetry.rs:39:16
   |
39 |         score: f32,
   |                ^^^ expected `keyforge_model::Score`, found `f32`
   |
   = note: expected signature `fn(&agent::telemetry::WorkerLogger, _, keyforge_model::Score, &_, _) -> keyforge_compute::OptimizationControl`
              found signature `fn(&agent::telemetry::WorkerLogger, _, f32, &_, _) -> keyforge_compute::OptimizationControl`
help: change the parameter type to match the trait
   |
39 -         score: f32,
39 +         score: keyforge_model::Score,
   |

error[E0277]: `?` couldn't convert the error to `agent::errors::AgentError`
  --> apps/keyforge-agent/src/agent/network/outbox.rs:39:80
   |
39 |         let rel = SafePath::try_from_str(&format!("{}.json", submission.nonce))?;
   |                   -------------------------------------------------------------^ the trait `std::convert::From<keyforge_model::error::ModelError>` is not implemented for `agent::errors::AgentError`
   |                   |
   |                   this can't be annotated with `?` because it has type `Result<_, keyforge_model::error::ModelError>`
   |
note: `agent::errors::AgentError` needs to implement `From<keyforge_model::error::ModelError>`
  --> apps/keyforge-agent/src/agent/errors.rs:22:1
   |
22 | pub enum AgentError {
   | ^^^^^^^^^^^^^^^^^^^
   = note: the question mark operation (`?`) implicitly performs a conversion on the error value using the `From` trait
   = help: the following other types implement trait `std::convert::From<T>`:
             `agent::errors::AgentError` implements `std::convert::From<keyforge_infra::InfraError>`
             `agent::errors::AgentError` implements `std::convert::From<keyforge_model::ForgeError>`
             `agent::errors::AgentError` implements `std::convert::From<keyforge_physics::PhysicsError>`
             `agent::errors::AgentError` implements `std::convert::From<reqwest::Error>`
             `agent::errors::AgentError` implements `std::convert::From<rmp_serde::decode::Error>`
             `agent::errors::AgentError` implements `std::convert::From<serde_json::Error>`
             `agent::errors::AgentError` implements `std::convert::From<std::io::Error>`
             `agent::errors::AgentError` implements `std::convert::From<toml::de::Error>`
             `agent::errors::AgentError` implements `std::convert::From<url::ParseError>`

error[E0277]: `?` couldn't convert the error to `agent::errors::AgentError`
  --> apps/keyforge-agent/src/agent/network/outbox.rs:52:80
   |
52 |         let rel = SafePath::try_from_str(&format!("{}.json", submission.nonce))?;
   |                   -------------------------------------------------------------^ the trait `std::convert::From<keyforge_model::error::ModelError>` is not implemented for `agent::errors::AgentError`
   |                   |
   |                   this can't be annotated with `?` because it has type `Result<_, keyforge_model::error::ModelError>`
   |
note: `agent::errors::AgentError` needs to implement `From<keyforge_model::error::ModelError>`
  --> apps/keyforge-agent/src/agent/errors.rs:22:1
   |
22 | pub enum AgentError {
   | ^^^^^^^^^^^^^^^^^^^
   = note: the question mark operation (`?`) implicitly performs a conversion on the error value using the `From` trait
   = help: the following other types implement trait `std::convert::From<T>`:
             `agent::errors::AgentError` implements `std::convert::From<keyforge_infra::InfraError>`
             `agent::errors::AgentError` implements `std::convert::From<keyforge_model::ForgeError>`
             `agent::errors::AgentError` implements `std::convert::From<keyforge_physics::PhysicsError>`
             `agent::errors::AgentError` implements `std::convert::From<reqwest::Error>`
             `agent::errors::AgentError` implements `std::convert::From<rmp_serde::decode::Error>`
             `agent::errors::AgentError` implements `std::convert::From<serde_json::Error>`
             `agent::errors::AgentError` implements `std::convert::From<std::io::Error>`
             `agent::errors::AgentError` implements `std::convert::From<toml::de::Error>`
             `agent::errors::AgentError` implements `std::convert::From<url::ParseError>`

error[E0004]: non-exhaustive patterns: `keyforge_infra::InfraError::Internal(_)` not covered
   --> apps/keyforge-agent/src/agent/errors.rs:114:15
    |
114 |         match e {
    |               ^ pattern `keyforge_infra::InfraError::Internal(_)` not covered
    |
note: `keyforge_infra::InfraError` defined here
   --> /home/robert/projects/keyforge/libs/keyforge-infra/src/error.rs:19:1
    |
 19 | pub enum InfraError {
    | ^^^^^^^^^^^^^^^^^^^
...
 67 |     Internal(String),
    |     -------- not covered
    = note: the matched value is of type `keyforge_infra::InfraError`
help: ensure that all possible cases are being handled by adding a match arm with a wildcard pattern or an explicit pattern as shown
    |
126 ~             InfraError::Model(e) => Self::from(e),
127 ~             keyforge_infra::InfraError::Internal(_) => todo!(),
    |

Some errors have detailed explanations: E0004, E0053, E0277.
For more information about an error, try `rustc --explain E0004`.
error: could not compile `keyforge-agent` (lib) due to 4 previous errors
warning: build failed, waiting for other jobs to finish...
error[E0004]: non-exhaustive patterns: `keyforge_infra::InfraError::Internal(_)` not covered
  --> apps/keyforge-ui/src-tauri/src/error.rs:87:15
   |
87 |         match e {
   |               ^ pattern `keyforge_infra::InfraError::Internal(_)` not covered
   |
note: `keyforge_infra::InfraError` defined here
  --> /home/robert/projects/keyforge/libs/keyforge-infra/src/error.rs:19:1
   |
19 | pub enum InfraError {
   | ^^^^^^^^^^^^^^^^^^^
...
67 |     Internal(String),
   |     -------- not covered
   = note: the matched value is of type `keyforge_infra::InfraError`
help: ensure that all possible cases are being handled by adding a match arm with a wildcard pattern or an explicit pattern as shown
   |
98 ~             InfraError::Model(e) => CommandError::Internal(e.to_string()),
99 ~             keyforge_infra::InfraError::Internal(_) => todo!(),
   |

Some errors have detailed explanations: E0004, E0053.
error: could not compile `keyforge-ui` (lib) due to 2 previous errors
