   Compiling proc-macro2 v1.0.104
   Compiling unicode-ident v1.0.22
   Compiling quote v1.0.42
   Compiling libc v0.2.178
   Compiling serde_core v1.0.228
   Compiling cfg-if v1.0.4
   Compiling serde v1.0.228
   Compiling scopeguard v1.2.0
   Compiling pin-project-lite v0.2.16
   Compiling stable_deref_trait v1.2.1
   Compiling memchr v2.7.6
   Compiling shlex v1.3.0
   Compiling autocfg v1.5.0
   Compiling find-msvc-tools v0.1.6
   Compiling lock_api v0.4.14
   Compiling once_cell v1.21.3
   Compiling getrandom v0.3.4
   Compiling log v0.4.29
   Compiling bytes v1.11.0
   Compiling futures-core v0.3.31
   Compiling parking_lot_core v0.9.12
   Compiling itoa v1.0.17
   Compiling zerocopy v0.8.31
   Compiling equivalent v1.0.2
   Compiling bitflags v2.10.0
   Compiling dunce v1.0.5
   Compiling fs_extra v1.3.0
   Compiling hashbrown v0.16.1
   Compiling siphasher v1.0.1
   Compiling typenum v1.19.0
   Compiling num-traits v0.2.19
   Compiling version_check v0.9.5
   Compiling futures-sink v0.3.31
   Compiling fnv v1.0.7
   Compiling tracing-core v0.1.36
   Compiling semver v1.0.27
   Compiling rand_core v0.6.4
   Compiling generic-array v0.14.7
   Compiling rand v0.8.5
   Compiling phf_shared v0.11.3
   Compiling syn v2.0.112
   Compiling slab v0.4.11
   Compiling rustix v1.1.3
   Compiling zmij v1.0.5
   Compiling rustc_version v0.4.1
   Compiling futures-channel v0.3.31
   Compiling linux-raw-sys v0.11.0
   Compiling aws-lc-rs v1.15.2
   Compiling jobserver v0.1.34
   Compiling errno v0.3.14
   Compiling mio v1.1.1
   Compiling socket2 v0.6.1
   Compiling phf_generator v0.11.3
   Compiling signal-hook-registry v1.4.8
   Compiling rand_core v0.9.3
   Compiling serde_json v1.0.148
   Compiling cc v1.2.51
   Compiling zeroize v1.8.2
   Compiling pin-utils v0.1.0
   Compiling thiserror v2.0.17
   Compiling heapless v0.7.17
   Compiling futures-task v0.3.31
   Compiling regex-syntax v0.8.8
   Compiling byteorder v1.5.0
   Compiling fastrand v2.3.0
   Compiling futures-io v0.3.31
   Compiling litemap v0.8.1
   Compiling writeable v0.6.2
   Compiling hash32 v0.2.1
   Compiling rustls-pki-types v1.13.2
   Compiling wait-timeout v0.2.1
   Compiling http v1.4.0
   Compiling aho-corasick v1.1.4
   Compiling crypto-common v0.1.7
   Compiling block-buffer v0.10.4
   Compiling ppv-lite86 v0.2.21
   Compiling spin v0.9.8
   Compiling bit-vec v0.8.0
   Compiling icu_normalizer_data v2.1.1
   Compiling cmake v0.1.57
   Compiling quick-error v1.2.3
   Compiling indexmap v2.12.1
   Compiling heck v0.5.0
   Compiling rand_chacha v0.9.0
   Compiling icu_properties_data v2.1.2
   Compiling bit-set v0.8.0
   Compiling digest v0.10.7
   Compiling rand_xorshift v0.4.0
   Compiling rand v0.9.2
   Compiling rustls v0.23.35
   Compiling untrusted v0.9.0
   Compiling cpufeatures v0.2.17
   Compiling unarray v0.1.4
   Compiling rgb v0.8.52
   Compiling sha2 v0.10.9
   Compiling http-body v1.0.1
   Compiling aws-lc-sys v0.35.0
   Compiling tempfile v3.24.0
   Compiling httparse v1.10.1
   Compiling subtle v2.6.1
   Compiling percent-encoding v2.3.2
   Compiling pkg-config v0.3.32
   Compiling anyhow v1.0.100
   Compiling rusty-fork v0.3.1
   Compiling hex v0.4.3
   Compiling getrandom v0.2.16
   Compiling regex-automata v0.4.13
   Compiling proptest v1.9.0
   Compiling atomic-waker v1.1.2
   Compiling tower-service v0.3.3
   Compiling crossbeam-utils v0.8.21
   Compiling try-lock v0.2.5
   Compiling want v0.3.1
   Compiling zstd-sys v2.0.16+zstd.1.5.7
   Compiling crc16 v0.4.0
   Compiling rustversion v1.0.22
   Compiling openssl-probe v0.2.0
   Compiling utf8_iter v1.0.4
   Compiling rustls-native-certs v0.8.3
   Compiling rand_chacha v0.3.1
   Compiling form_urlencoded v1.2.2
   Compiling sync_wrapper v1.0.2
   Compiling ipnet v2.11.0
   Compiling portable-atomic v1.13.0
   Compiling tower-layer v0.3.3
   Compiling either v1.15.0
   Compiling zstd-safe v7.2.4
   Compiling iana-time-zone v0.1.64
   Compiling synstructure v0.13.2
   Compiling base64 v0.22.1
   Compiling minimal-lexical v0.2.1
   Compiling chrono v0.4.42
   Compiling bytes-utils v0.1.4
   Compiling nom v7.1.3
   Compiling rand_xoshiro v0.7.0
   Compiling inotify-sys v0.1.5
   Compiling winnow v0.7.14
   Compiling iri-string v0.7.10
   Compiling same-file v1.0.6
   Compiling cookie-factory v0.3.2
   Compiling arc-swap v1.8.0
   Compiling walkdir v2.5.0
   Compiling regex v1.12.2
   Compiling inotify v0.11.0
   Compiling crossbeam-epoch v0.9.18
   Compiling crossbeam-channel v0.5.15
   Compiling http-body-util v0.1.3
   Compiling keyforge-infra v0.9.0 (/home/robert/Documents/KeyboardLayouts/DataDrivenAnalysis/keyforge/libs/keyforge-infra)
   Compiling serde_derive v1.0.228
   Compiling zerofrom-derive v0.1.6
   Compiling yoke-derive v0.8.1
   Compiling zerovec-derive v0.11.2
   Compiling tokio-macros v2.6.0
   Compiling tracing-attributes v0.1.31
   Compiling displaydoc v0.2.5
   Compiling phf_macros v0.11.3
   Compiling futures-macro v0.3.31
   Compiling thiserror-impl v2.0.17
   Compiling strum_macros v0.27.2
   Compiling zerofrom v0.1.6
   Compiling utoipa-gen v5.4.0
   Compiling yoke v0.8.1
   Compiling phf v0.11.3
   Compiling zerovec v0.11.5
   Compiling zerotrie v0.2.3
   Compiling csscolorparser v0.7.2
   Compiling futures-util v0.3.31
   Compiling tracing v0.1.44
   Compiling async-trait v0.1.89
   Compiling toml_parser v1.0.6+spec-1.1.0
   Compiling redis-protocol v6.0.0
   Compiling tinystr v0.8.2
   Compiling icu_locale_core v2.1.1
   Compiling potential_utf v0.1.4
   Compiling icu_collections v2.1.1
   Compiling cobs v0.3.0
   Compiling fred-macros v0.1.0
   Compiling serde_spanned v1.0.4
   Compiling toml_datetime v0.7.5+spec-1.1.0
   Compiling uuid v1.19.0
   Compiling socket2 v0.5.10
   Compiling float-cmp v0.10.0
   Compiling rmp v0.8.15
   Compiling encoding_rs v0.8.35
   Compiling icu_provider v2.1.1
   Compiling instant v0.1.13
   Compiling urlencoding v2.1.3
   Compiling icu_properties v2.1.2
   Compiling mime v0.3.17
   Compiling strum v0.27.2
   Compiling notify-types v2.0.0
   Compiling tagptr v0.2.0
   Compiling toml_writer v1.0.6+spec-1.1.0
   Compiling notify v8.2.0
   Compiling fs2 v0.4.3
   Compiling toml v0.9.10+spec-1.1.0
   Compiling smallvec v1.15.1
   Compiling kle-serial v0.3.3
   Compiling serde-big-array v0.5.1
   Compiling rmp-serde v1.3.1
   Compiling icu_normalizer v2.1.1
   Compiling parking_lot v0.12.5
   Compiling futures-executor v0.3.31
   Compiling postcard v1.1.3
   Compiling futures v0.3.31
   Compiling tokio v1.48.0
   Compiling idna_adapter v1.2.1
   Compiling moka v0.12.12
   Compiling idna v1.1.0
   Compiling url v2.5.7
   Compiling utoipa v5.4.0
   Compiling zstd v0.13.3
   Compiling keyforge-model v0.9.0 (/home/robert/Documents/KeyboardLayouts/DataDrivenAnalysis/keyforge/libs/keyforge-model)
   Compiling tokio-util v0.7.17
   Compiling tower v0.5.2
   Compiling tokio-stream v0.1.17
   Compiling backoff v0.4.0
   Compiling h2 v0.4.12
   Compiling tower-http v0.6.8
   Compiling keyforge-protocol v0.9.0 (/home/robert/Documents/KeyboardLayouts/DataDrivenAnalysis/keyforge/libs/keyforge-protocol)
   Compiling keyforge-physics v0.9.0 (/home/robert/Documents/KeyboardLayouts/DataDrivenAnalysis/keyforge/libs/keyforge-physics)
   Compiling keyforge-evolution v0.9.0 (/home/robert/Documents/KeyboardLayouts/DataDrivenAnalysis/keyforge/libs/keyforge-evolution)
   Compiling keyforge-adapter v0.9.0 (/home/robert/Documents/KeyboardLayouts/DataDrivenAnalysis/keyforge/libs/keyforge-adapter)
   Compiling keyforge-core v0.9.0 (/home/robert/Documents/KeyboardLayouts/DataDrivenAnalysis/keyforge/libs/keyforge-core)
   Compiling hyper v1.8.1
   Compiling hyper-util v0.1.19
   Compiling rustls-webpki v0.103.8
   Compiling tokio-rustls v0.26.4
   Compiling rustls-platform-verifier v0.6.2
   Compiling hyper-rustls v0.27.7
   Compiling fred v10.1.0
   Compiling reqwest v0.13.1
error[E0425]: cannot find function, tuple struct or tuple variant `HandIndex` in this scope
   --> libs/keyforge-physics/src/verify.rs:405:23
    |
405 |                 hand: HandIndex(0),
    |                       ^^^^^^^^^ not found in this scope
    |
help: consider importing one of these tuple structs
    |
364 +     use crate::kernel::types::HandIndex;
    |
364 +     use keyforge_model::HandIndex;
    |

error[E0433]: failed to resolve: use of undeclared type `FingerIndex`
   --> libs/keyforge-physics/src/verify.rs:406:25
    |
406 |                 finger: FingerIndex::new_unchecked(i as u8),
    |                         ^^^^^^^^^^^ use of undeclared type `FingerIndex`
    |
help: consider importing one of these structs
    |
364 +     use crate::kernel::types::FingerIndex;
    |
364 +     use keyforge_model::FingerIndex;
    |

error[E0412]: cannot find type `CostModel` in this scope
   --> libs/keyforge-physics/src/verify.rs:414:54
    |
414 |     fn setup_minimal() -> (Keyboard, Corpus, Rubric, CostModel) {
    |                                                      ^^^^^^^^^ not found in this scope
    |
help: consider importing one of these structs
    |
364 +     use crate::CostModel;
    |
364 +     use keyforge_model::CostModel;
    |

error[E0433]: failed to resolve: use of undeclared type `HandIndex`
   --> libs/keyforge-physics/src/verify.rs:457:39
    |
457 |             KeyNode { index: 0, hand: HandIndex::LEFT, finger: FingerIndex::INDEX, ..Default::default() },
    |                                       ^^^^^^^^^ use of undeclared type `HandIndex`
    |
help: consider importing one of these structs
    |
364 +     use crate::kernel::types::HandIndex;
    |
364 +     use keyforge_model::HandIndex;
    |

error[E0433]: failed to resolve: use of undeclared type `FingerIndex`
   --> libs/keyforge-physics/src/verify.rs:457:64
    |
457 |             KeyNode { index: 0, hand: HandIndex::LEFT, finger: FingerIndex::INDEX, ..Default::default() },
    |                                                                ^^^^^^^^^^^ use of undeclared type `FingerIndex`
    |
help: consider importing one of these structs
    |
364 +     use crate::kernel::types::FingerIndex;
    |
364 +     use keyforge_model::FingerIndex;
    |

error[E0433]: failed to resolve: use of undeclared type `HandIndex`
   --> libs/keyforge-physics/src/verify.rs:458:39
    |
458 |             KeyNode { index: 1, hand: HandIndex::LEFT, finger: FingerIndex::MIDDLE, ..Default::default() },
    |                                       ^^^^^^^^^ use of undeclared type `HandIndex`
    |
help: consider importing one of these structs
    |
364 +     use crate::kernel::types::HandIndex;
    |
364 +     use keyforge_model::HandIndex;
    |

error[E0433]: failed to resolve: use of undeclared type `FingerIndex`
   --> libs/keyforge-physics/src/verify.rs:458:64
    |
458 |             KeyNode { index: 1, hand: HandIndex::LEFT, finger: FingerIndex::MIDDLE, ..Default::default() },
    |                                                                ^^^^^^^^^^^ use of undeclared type `FingerIndex`
    |
help: consider importing one of these structs
    |
364 +     use crate::kernel::types::FingerIndex;
    |
364 +     use keyforge_model::FingerIndex;
    |

error[E0433]: failed to resolve: use of undeclared type `HandIndex`
   --> libs/keyforge-physics/src/verify.rs:459:39
    |
459 |             KeyNode { index: 2, hand: HandIndex::LEFT, finger: FingerIndex::RING, ..Default::default() },
    |                                       ^^^^^^^^^ use of undeclared type `HandIndex`
    |
help: consider importing one of these structs
    |
364 +     use crate::kernel::types::HandIndex;
    |
364 +     use keyforge_model::HandIndex;
    |

error[E0433]: failed to resolve: use of undeclared type `FingerIndex`
   --> libs/keyforge-physics/src/verify.rs:459:64
    |
459 |             KeyNode { index: 2, hand: HandIndex::LEFT, finger: FingerIndex::RING, ..Default::default() },
    |                                                                ^^^^^^^^^^^ use of undeclared type `FingerIndex`
    |
help: consider importing one of these structs
    |
364 +     use crate::kernel::types::FingerIndex;
    |
364 +     use keyforge_model::FingerIndex;
    |

error[E0433]: failed to resolve: use of undeclared type `HandIndex`
   --> libs/keyforge-physics/src/verify.rs:502:34
    |
502 | ...   let k1 = KeyNode { hand: HandIndex::LEFT, finger: FingerIndex::PINKY, col: keyforge_model::types::ColIndex(0), row: keyforge_model:...
    |                                ^^^^^^^^^ use of undeclared type `HandIndex`
    |
help: consider importing one of these structs
    |
364 +     use crate::kernel::types::HandIndex;
    |
364 +     use keyforge_model::HandIndex;
    |

error[E0433]: failed to resolve: use of undeclared type `FingerIndex`
   --> libs/keyforge-physics/src/verify.rs:502:59
    |
502 | ...   let k1 = KeyNode { hand: HandIndex::LEFT, finger: FingerIndex::PINKY, col: keyforge_model::types::ColIndex(0), row: keyforge_model:...
    |                                                         ^^^^^^^^^^^ use of undeclared type `FingerIndex`
    |
help: consider importing one of these structs
    |
364 +     use crate::kernel::types::FingerIndex;
    |
364 +     use keyforge_model::FingerIndex;
    |

error[E0433]: failed to resolve: use of undeclared type `HandIndex`
   --> libs/keyforge-physics/src/verify.rs:506:34
    |
506 | ...   let k2 = KeyNode { hand: HandIndex::LEFT, finger: FingerIndex::PINKY, col: keyforge_model::types::ColIndex(5), row: keyforge_model:...
    |                                ^^^^^^^^^ use of undeclared type `HandIndex`
    |
help: consider importing one of these structs
    |
364 +     use crate::kernel::types::HandIndex;
    |
364 +     use keyforge_model::HandIndex;
    |

error[E0433]: failed to resolve: use of undeclared type `FingerIndex`
   --> libs/keyforge-physics/src/verify.rs:506:59
    |
506 | ...   let k2 = KeyNode { hand: HandIndex::LEFT, finger: FingerIndex::PINKY, col: keyforge_model::types::ColIndex(5), row: keyforge_model:...
    |                                                         ^^^^^^^^^^^ use of undeclared type `FingerIndex`
    |
help: consider importing one of these structs
    |
364 +     use crate::kernel::types::FingerIndex;
    |
364 +     use keyforge_model::FingerIndex;
    |

error[E0433]: failed to resolve: use of undeclared type `HandIndex`
   --> libs/keyforge-physics/src/verify.rs:510:34
    |
510 |         let k3 = KeyNode { hand: HandIndex::RIGHT, finger: FingerIndex::THUMB, ..Default::default() };
    |                                  ^^^^^^^^^ use of undeclared type `HandIndex`
    |
help: consider importing one of these structs
    |
364 +     use crate::kernel::types::HandIndex;
    |
364 +     use keyforge_model::HandIndex;
    |

error[E0433]: failed to resolve: use of undeclared type `FingerIndex`
   --> libs/keyforge-physics/src/verify.rs:510:60
    |
510 |         let k3 = KeyNode { hand: HandIndex::RIGHT, finger: FingerIndex::THUMB, ..Default::default() };
    |                                                            ^^^^^^^^^^^ use of undeclared type `FingerIndex`
    |
help: consider importing one of these structs
    |
364 +     use crate::kernel::types::FingerIndex;
    |
364 +     use keyforge_model::FingerIndex;
    |

error[E0433]: failed to resolve: use of undeclared type `HandIndex`
   --> libs/keyforge-physics/src/verify.rs:514:34
    |
514 |         let k4 = KeyNode { hand: HandIndex::LEFT, finger: FingerIndex::RING, ..Default::default() };
    |                                  ^^^^^^^^^ use of undeclared type `HandIndex`
    |
help: consider importing one of these structs
    |
364 +     use crate::kernel::types::HandIndex;
    |
364 +     use keyforge_model::HandIndex;
    |

error[E0433]: failed to resolve: use of undeclared type `FingerIndex`
   --> libs/keyforge-physics/src/verify.rs:514:59
    |
514 |         let k4 = KeyNode { hand: HandIndex::LEFT, finger: FingerIndex::RING, ..Default::default() };
    |                                                           ^^^^^^^^^^^ use of undeclared type `FingerIndex`
    |
help: consider importing one of these structs
    |
364 +     use crate::kernel::types::FingerIndex;
    |
364 +     use keyforge_model::FingerIndex;
    |

warning: variable does not need to be mutable
   --> libs/keyforge-physics/src/kernel/mechanics.rs:196:13
    |
196 |         let mut kb = setup_kb_pair();
    |             ----^^
    |             |
    |             help: remove this `mut`
    |
    = note: `#[warn(unused_mut)]` (part of `#[warn(unused)]`) on by default

Some errors have detailed explanations: E0412, E0425, E0433.
For more information about an error, try `rustc --explain E0412`.
warning: `keyforge-physics` (lib test) generated 1 warning
error: could not compile `keyforge-physics` (lib test) due to 17 previous errors; 1 warning emitted
