
*** libs/keyforge-physics/src/lib.rs:66:9: replace ScoringEngine::calculate_swap_delta -> i64 with -1

*** mutation diff:
--- libs/keyforge-physics/src/lib.rs
+++ replace ScoringEngine::calculate_swap_delta -> i64 with -1
@@ -58,19 +58,17 @@
 
     pub fn calculate_swap_delta(
         &self,
         layout: &[KeyCode],
         pos_map: &[u16],
         idx_a: usize,
         idx_b: usize,
     ) -> i64 {
-        let validated = ValidatedLayout::new(layout, self.ctx.key_count)
-            .expect("Physics Violation: Layout size mismatch");
-        kernel::compute::calculate_swap_delta(&self.ctx, &validated, pos_map, idx_a, idx_b)
+        -1 /* ~ changed by cargo-mutants ~ */
     }
 
     pub fn score_raw(&self, layout: &[KeyCode]) -> i64 {
         let validated = ValidatedLayout::new(layout, self.ctx.key_count)
             .expect("Physics Violation: Layout size mismatch");
         let mut pos_map = vec![65535u16; 65536];
         score_layout(&self.ctx, &validated, &mut pos_map)
     }


*** /home/robert/.rustup/toolchains/stable-x86_64-unknown-linux-gnu/bin/cargo test --no-run --verbose --package=keyforge-physics@0.8.0
       Fresh unicode-ident v1.0.22
       Fresh version_check v0.9.5
       Fresh cfg-if v1.0.4
       Fresh proc-macro2 v1.0.103
       Fresh siphasher v1.0.1
       Fresh autocfg v1.5.0
       Fresh quote v1.0.42
       Fresh libc v0.2.178
       Fresh serde_core v1.0.228
       Fresh memchr v2.7.6
       Fresh syn v2.0.111
       Fresh typenum v1.19.0
       Fresh phf_generator v0.11.3
       Fresh getrandom v0.3.4
       Fresh syn v1.0.109
       Fresh proc-macro-error-attr v1.0.4
       Fresh phf_shared v0.11.3
       Fresh once_cell v1.21.3
       Fresh regex-syntax v0.8.8
       Fresh serde_derive v1.0.228
       Fresh generic-array v0.14.7
       Fresh phf_macros v0.11.3
       Fresh num-traits v0.2.19
       Fresh aho-corasick v1.1.4
       Fresh hashbrown v0.16.1
       Fresh equivalent v1.0.2
       Fresh zmij v0.1.9
       Fresh serde v1.0.228
       Fresh block-buffer v0.10.4
       Fresh zerocopy v0.8.31
       Fresh phf v0.11.3
       Fresh proc-macro-error v1.0.4
       Fresh crypto-common v0.1.7
       Fresh rustversion v1.0.22
       Fresh heck v0.5.0
       Fresh itoa v1.0.16
       Fresh regex-automata v0.4.13
       Fresh ppv-lite86 v0.2.21
       Fresh digest v0.10.7
       Fresh csscolorparser v0.7.2
       Fresh utoipa-gen v4.3.1
       Fresh serde_json v1.0.147
       Fresh strum_macros v0.26.4
       Fresh indexmap v2.12.1
       Fresh thiserror-impl v2.0.17
       Fresh rand_core v0.9.3
       Fresh cpufeatures v0.2.17
       Fresh fastrand v2.3.0
       Fresh bitflags v2.10.0
       Fresh rgb v0.8.52
       Fresh linux-raw-sys v0.11.0
       Fresh sha2 v0.10.9
       Fresh utoipa v4.2.3
       Fresh thiserror v2.0.17
       Fresh strum v0.26.3
       Fresh regex v1.12.2
       Fresh serde-big-array v0.5.1
       Fresh smallvec v1.15.1
       Fresh bincode v1.3.3
       Fresh getrandom v0.2.16
       Fresh hex v0.4.3
       Fresh rustix v1.1.3
       Fresh kle-serial v0.3.3
       Fresh rand_core v0.6.4
       Fresh tracing-attributes v0.1.31
       Fresh thiserror-impl v1.0.69
       Fresh tracing-core v0.1.36
       Fresh wait-timeout v0.2.1
       Fresh bit-vec v0.8.0
       Fresh pin-project-lite v0.2.16
       Fresh fnv v1.0.7
       Fresh quick-error v1.2.3
       Fresh rand_xorshift v0.4.0
       Fresh keyforge-model v0.8.0 (/tmp/cargo-mutants-keyforge-E1gFMB.tmp/libs/keyforge-model)
       Fresh tempfile v3.24.0
       Fresh tracing v0.1.44
       Fresh bit-set v0.8.0
       Fresh thiserror v1.0.69
       Fresh rand_chacha v0.3.1
       Fresh rand_chacha v0.9.0
       Fresh rand v0.9.2
       Fresh unarray v0.1.4
       Fresh keyforge-protocol v0.8.0 (/tmp/cargo-mutants-keyforge-E1gFMB.tmp/libs/keyforge-protocol)
       Fresh rusty-fork v0.3.1
       Fresh rand v0.8.5
       Fresh proptest v1.9.0
       Dirty keyforge-physics v0.8.0 (/tmp/cargo-mutants-keyforge-E1gFMB.tmp/libs/keyforge-physics): the file `libs/keyforge-physics/src/lib.rs` has changed (1767044538.587541563s, 1s after last build at 1767044537.010075874s)
   Compiling keyforge-physics v0.8.0 (/tmp/cargo-mutants-keyforge-E1gFMB.tmp/libs/keyforge-physics)
     Running `/home/robert/.rustup/toolchains/stable-x86_64-unknown-linux-gnu/bin/rustc --crate-name keyforge_physics --edition=2021 libs/keyforge-physics/src/lib.rs --error-format=json --json=diagnostic-rendered-ansi,artifacts,future-incompat --emit=dep-info,link -C embed-bitcode=no -C debuginfo=2 --test --check-cfg 'cfg(docsrs,test)' --check-cfg 'cfg(feature, values())' -C metadata=24f39dea22057f3c -C extra-filename=-98250245914985ac --out-dir /tmp/cargo-mutants-keyforge-E1gFMB.tmp/target/debug/deps -C incremental=/tmp/cargo-mutants-keyforge-E1gFMB.tmp/target/debug/incremental -L dependency=/tmp/cargo-mutants-keyforge-E1gFMB.tmp/target/debug/deps --extern fastrand=/tmp/cargo-mutants-keyforge-E1gFMB.tmp/target/debug/deps/libfastrand-762fd3b680963bd6.rlib --extern keyforge_model=/tmp/cargo-mutants-keyforge-E1gFMB.tmp/target/debug/deps/libkeyforge_model-08a39416655ed114.rlib --extern keyforge_protocol=/tmp/cargo-mutants-keyforge-E1gFMB.tmp/target/debug/deps/libkeyforge_protocol-9e10327954983c27.rlib --extern proptest=/tmp/cargo-mutants-keyforge-E1gFMB.tmp/target/debug/deps/libproptest-e6846fe577a4bb56.rlib --extern rand=/tmp/cargo-mutants-keyforge-E1gFMB.tmp/target/debug/deps/librand-5540fb2c8df2c40a.rlib --extern rand_chacha=/tmp/cargo-mutants-keyforge-E1gFMB.tmp/target/debug/deps/librand_chacha-5c488713e3c795ca.rlib --extern serde=/tmp/cargo-mutants-keyforge-E1gFMB.tmp/target/debug/deps/libserde-290cac5fca597898.rlib --extern thiserror=/tmp/cargo-mutants-keyforge-E1gFMB.tmp/target/debug/deps/libthiserror-a079e59fe2d7f46d.rlib --extern tracing=/tmp/cargo-mutants-keyforge-E1gFMB.tmp/target/debug/deps/libtracing-16d1f78e72b53bbc.rlib -C target-cpu=native`
     Running `/home/robert/.rustup/toolchains/stable-x86_64-unknown-linux-gnu/bin/rustc --crate-name keyforge_physics --edition=2021 libs/keyforge-physics/src/lib.rs --error-format=json --json=diagnostic-rendered-ansi,artifacts,future-incompat --crate-type lib --emit=dep-info,metadata,link -C embed-bitcode=no -C debuginfo=2 --check-cfg 'cfg(docsrs,test)' --check-cfg 'cfg(feature, values())' -C metadata=a3b5fa1c70a68a66 -C extra-filename=-b98ed418f8c1fe1f --out-dir /tmp/cargo-mutants-keyforge-E1gFMB.tmp/target/debug/deps -C incremental=/tmp/cargo-mutants-keyforge-E1gFMB.tmp/target/debug/incremental -L dependency=/tmp/cargo-mutants-keyforge-E1gFMB.tmp/target/debug/deps --extern fastrand=/tmp/cargo-mutants-keyforge-E1gFMB.tmp/target/debug/deps/libfastrand-762fd3b680963bd6.rmeta --extern keyforge_model=/tmp/cargo-mutants-keyforge-E1gFMB.tmp/target/debug/deps/libkeyforge_model-08a39416655ed114.rmeta --extern keyforge_protocol=/tmp/cargo-mutants-keyforge-E1gFMB.tmp/target/debug/deps/libkeyforge_protocol-9e10327954983c27.rmeta --extern serde=/tmp/cargo-mutants-keyforge-E1gFMB.tmp/target/debug/deps/libserde-290cac5fca597898.rmeta --extern thiserror=/tmp/cargo-mutants-keyforge-E1gFMB.tmp/target/debug/deps/libthiserror-a079e59fe2d7f46d.rmeta --extern tracing=/tmp/cargo-mutants-keyforge-E1gFMB.tmp/target/debug/deps/libtracing-16d1f78e72b53bbc.rmeta -C target-cpu=native`
warning: unused variable: `layout`
  --> libs/keyforge-physics/src/lib.rs:61:9
   |
61 |         layout: &[KeyCode],
   |         ^^^^^^ help: if this is intentional, prefix it with an underscore: `_layout`
   |
   = note: `#[warn(unused_variables)]` (part of `#[warn(unused)]`) on by default

warning: unused variable: `pos_map`
  --> libs/keyforge-physics/src/lib.rs:62:9
   |
62 |         pos_map: &[u16],
   |         ^^^^^^^ help: if this is intentional, prefix it with an underscore: `_pos_map`

warning: unused variable: `idx_a`
  --> libs/keyforge-physics/src/lib.rs:63:9
   |
63 |         idx_a: usize,
   |         ^^^^^ help: if this is intentional, prefix it with an underscore: `_idx_a`

warning: unused variable: `idx_b`
  --> libs/keyforge-physics/src/lib.rs:64:9
   |
64 |         idx_b: usize,
   |         ^^^^^ help: if this is intentional, prefix it with an underscore: `_idx_b`

warning: `keyforge-physics` (lib) generated 4 warnings
     Running `/home/robert/.rustup/toolchains/stable-x86_64-unknown-linux-gnu/bin/rustc --crate-name coverage_tests --edition=2021 libs/keyforge-physics/tests/coverage_tests.rs --error-format=json --json=diagnostic-rendered-ansi,artifacts,future-incompat --emit=dep-info,link -C embed-bitcode=no -C debuginfo=2 --test --check-cfg 'cfg(docsrs,test)' --check-cfg 'cfg(feature, values())' -C metadata=e9659c334bd16c87 -C extra-filename=-5a3afc52e56165e4 --out-dir /tmp/cargo-mutants-keyforge-E1gFMB.tmp/target/debug/deps -C incremental=/tmp/cargo-mutants-keyforge-E1gFMB.tmp/target/debug/incremental -L dependency=/tmp/cargo-mutants-keyforge-E1gFMB.tmp/target/debug/deps --extern fastrand=/tmp/cargo-mutants-keyforge-E1gFMB.tmp/target/debug/deps/libfastrand-762fd3b680963bd6.rlib --extern keyforge_model=/tmp/cargo-mutants-keyforge-E1gFMB.tmp/target/debug/deps/libkeyforge_model-08a39416655ed114.rlib --extern keyforge_physics=/tmp/cargo-mutants-keyforge-E1gFMB.tmp/target/debug/deps/libkeyforge_physics-b98ed418f8c1fe1f.rlib --extern keyforge_protocol=/tmp/cargo-mutants-keyforge-E1gFMB.tmp/target/debug/deps/libkeyforge_protocol-9e10327954983c27.rlib --extern proptest=/tmp/cargo-mutants-keyforge-E1gFMB.tmp/target/debug/deps/libproptest-e6846fe577a4bb56.rlib --extern rand=/tmp/cargo-mutants-keyforge-E1gFMB.tmp/target/debug/deps/librand-5540fb2c8df2c40a.rlib --extern rand_chacha=/tmp/cargo-mutants-keyforge-E1gFMB.tmp/target/debug/deps/librand_chacha-5c488713e3c795ca.rlib --extern serde=/tmp/cargo-mutants-keyforge-E1gFMB.tmp/target/debug/deps/libserde-290cac5fca597898.rlib --extern thiserror=/tmp/cargo-mutants-keyforge-E1gFMB.tmp/target/debug/deps/libthiserror-a079e59fe2d7f46d.rlib --extern tracing=/tmp/cargo-mutants-keyforge-E1gFMB.tmp/target/debug/deps/libtracing-16d1f78e72b53bbc.rlib -C target-cpu=native`
     Running `/home/robert/.rustup/toolchains/stable-x86_64-unknown-linux-gnu/bin/rustc --crate-name property_tests --edition=2021 libs/keyforge-physics/tests/property_tests.rs --error-format=json --json=diagnostic-rendered-ansi,artifacts,future-incompat --emit=dep-info,link -C embed-bitcode=no -C debuginfo=2 --test --check-cfg 'cfg(docsrs,test)' --check-cfg 'cfg(feature, values())' -C metadata=2049d768e4486614 -C extra-filename=-9f5971cde249a981 --out-dir /tmp/cargo-mutants-keyforge-E1gFMB.tmp/target/debug/deps -C incremental=/tmp/cargo-mutants-keyforge-E1gFMB.tmp/target/debug/incremental -L dependency=/tmp/cargo-mutants-keyforge-E1gFMB.tmp/target/debug/deps --extern fastrand=/tmp/cargo-mutants-keyforge-E1gFMB.tmp/target/debug/deps/libfastrand-762fd3b680963bd6.rlib --extern keyforge_model=/tmp/cargo-mutants-keyforge-E1gFMB.tmp/target/debug/deps/libkeyforge_model-08a39416655ed114.rlib --extern keyforge_physics=/tmp/cargo-mutants-keyforge-E1gFMB.tmp/target/debug/deps/libkeyforge_physics-b98ed418f8c1fe1f.rlib --extern keyforge_protocol=/tmp/cargo-mutants-keyforge-E1gFMB.tmp/target/debug/deps/libkeyforge_protocol-9e10327954983c27.rlib --extern proptest=/tmp/cargo-mutants-keyforge-E1gFMB.tmp/target/debug/deps/libproptest-e6846fe577a4bb56.rlib --extern rand=/tmp/cargo-mutants-keyforge-E1gFMB.tmp/target/debug/deps/librand-5540fb2c8df2c40a.rlib --extern rand_chacha=/tmp/cargo-mutants-keyforge-E1gFMB.tmp/target/debug/deps/librand_chacha-5c488713e3c795ca.rlib --extern serde=/tmp/cargo-mutants-keyforge-E1gFMB.tmp/target/debug/deps/libserde-290cac5fca597898.rlib --extern thiserror=/tmp/cargo-mutants-keyforge-E1gFMB.tmp/target/debug/deps/libthiserror-a079e59fe2d7f46d.rlib --extern tracing=/tmp/cargo-mutants-keyforge-E1gFMB.tmp/target/debug/deps/libtracing-16d1f78e72b53bbc.rlib -C target-cpu=native`
     Running `/home/robert/.rustup/toolchains/stable-x86_64-unknown-linux-gnu/bin/rustc --crate-name delta_validity --edition=2021 libs/keyforge-physics/tests/delta_validity.rs --error-format=json --json=diagnostic-rendered-ansi,artifacts,future-incompat --emit=dep-info,link -C embed-bitcode=no -C debuginfo=2 --test --check-cfg 'cfg(docsrs,test)' --check-cfg 'cfg(feature, values())' -C metadata=63be058c2ef64c72 -C extra-filename=-828a9a3edd1f7ce4 --out-dir /tmp/cargo-mutants-keyforge-E1gFMB.tmp/target/debug/deps -C incremental=/tmp/cargo-mutants-keyforge-E1gFMB.tmp/target/debug/incremental -L dependency=/tmp/cargo-mutants-keyforge-E1gFMB.tmp/target/debug/deps --extern fastrand=/tmp/cargo-mutants-keyforge-E1gFMB.tmp/target/debug/deps/libfastrand-762fd3b680963bd6.rlib --extern keyforge_model=/tmp/cargo-mutants-keyforge-E1gFMB.tmp/target/debug/deps/libkeyforge_model-08a39416655ed114.rlib --extern keyforge_physics=/tmp/cargo-mutants-keyforge-E1gFMB.tmp/target/debug/deps/libkeyforge_physics-b98ed418f8c1fe1f.rlib --extern keyforge_protocol=/tmp/cargo-mutants-keyforge-E1gFMB.tmp/target/debug/deps/libkeyforge_protocol-9e10327954983c27.rlib --extern proptest=/tmp/cargo-mutants-keyforge-E1gFMB.tmp/target/debug/deps/libproptest-e6846fe577a4bb56.rlib --extern rand=/tmp/cargo-mutants-keyforge-E1gFMB.tmp/target/debug/deps/librand-5540fb2c8df2c40a.rlib --extern rand_chacha=/tmp/cargo-mutants-keyforge-E1gFMB.tmp/target/debug/deps/librand_chacha-5c488713e3c795ca.rlib --extern serde=/tmp/cargo-mutants-keyforge-E1gFMB.tmp/target/debug/deps/libserde-290cac5fca597898.rlib --extern thiserror=/tmp/cargo-mutants-keyforge-E1gFMB.tmp/target/debug/deps/libthiserror-a079e59fe2d7f46d.rlib --extern tracing=/tmp/cargo-mutants-keyforge-E1gFMB.tmp/target/debug/deps/libtracing-16d1f78e72b53bbc.rlib -C target-cpu=native`
     Running `/home/robert/.rustup/toolchains/stable-x86_64-unknown-linux-gnu/bin/rustc --crate-name analysis_tests --edition=2021 libs/keyforge-physics/tests/analysis_tests.rs --error-format=json --json=diagnostic-rendered-ansi,artifacts,future-incompat --emit=dep-info,link -C embed-bitcode=no -C debuginfo=2 --test --check-cfg 'cfg(docsrs,test)' --check-cfg 'cfg(feature, values())' -C metadata=7d737bec3af681e5 -C extra-filename=-2af609d77db33369 --out-dir /tmp/cargo-mutants-keyforge-E1gFMB.tmp/target/debug/deps -C incremental=/tmp/cargo-mutants-keyforge-E1gFMB.tmp/target/debug/incremental -L dependency=/tmp/cargo-mutants-keyforge-E1gFMB.tmp/target/debug/deps --extern fastrand=/tmp/cargo-mutants-keyforge-E1gFMB.tmp/target/debug/deps/libfastrand-762fd3b680963bd6.rlib --extern keyforge_model=/tmp/cargo-mutants-keyforge-E1gFMB.tmp/target/debug/deps/libkeyforge_model-08a39416655ed114.rlib --extern keyforge_physics=/tmp/cargo-mutants-keyforge-E1gFMB.tmp/target/debug/deps/libkeyforge_physics-b98ed418f8c1fe1f.rlib --extern keyforge_protocol=/tmp/cargo-mutants-keyforge-E1gFMB.tmp/target/debug/deps/libkeyforge_protocol-9e10327954983c27.rlib --extern proptest=/tmp/cargo-mutants-keyforge-E1gFMB.tmp/target/debug/deps/libproptest-e6846fe577a4bb56.rlib --extern rand=/tmp/cargo-mutants-keyforge-E1gFMB.tmp/target/debug/deps/librand-5540fb2c8df2c40a.rlib --extern rand_chacha=/tmp/cargo-mutants-keyforge-E1gFMB.tmp/target/debug/deps/librand_chacha-5c488713e3c795ca.rlib --extern serde=/tmp/cargo-mutants-keyforge-E1gFMB.tmp/target/debug/deps/libserde-290cac5fca597898.rlib --extern thiserror=/tmp/cargo-mutants-keyforge-E1gFMB.tmp/target/debug/deps/libthiserror-a079e59fe2d7f46d.rlib --extern tracing=/tmp/cargo-mutants-keyforge-E1gFMB.tmp/target/debug/deps/libtracing-16d1f78e72b53bbc.rlib -C target-cpu=native`
     Running `/home/robert/.rustup/toolchains/stable-x86_64-unknown-linux-gnu/bin/rustc --crate-name oracle_parity --edition=2021 libs/keyforge-physics/tests/oracle_parity.rs --error-format=json --json=diagnostic-rendered-ansi,artifacts,future-incompat --emit=dep-info,link -C embed-bitcode=no -C debuginfo=2 --test --check-cfg 'cfg(docsrs,test)' --check-cfg 'cfg(feature, values())' -C metadata=261811fc80a9d692 -C extra-filename=-01aedd41b2d6715e --out-dir /tmp/cargo-mutants-keyforge-E1gFMB.tmp/target/debug/deps -C incremental=/tmp/cargo-mutants-keyforge-E1gFMB.tmp/target/debug/incremental -L dependency=/tmp/cargo-mutants-keyforge-E1gFMB.tmp/target/debug/deps --extern fastrand=/tmp/cargo-mutants-keyforge-E1gFMB.tmp/target/debug/deps/libfastrand-762fd3b680963bd6.rlib --extern keyforge_model=/tmp/cargo-mutants-keyforge-E1gFMB.tmp/target/debug/deps/libkeyforge_model-08a39416655ed114.rlib --extern keyforge_physics=/tmp/cargo-mutants-keyforge-E1gFMB.tmp/target/debug/deps/libkeyforge_physics-b98ed418f8c1fe1f.rlib --extern keyforge_protocol=/tmp/cargo-mutants-keyforge-E1gFMB.tmp/target/debug/deps/libkeyforge_protocol-9e10327954983c27.rlib --extern proptest=/tmp/cargo-mutants-keyforge-E1gFMB.tmp/target/debug/deps/libproptest-e6846fe577a4bb56.rlib --extern rand=/tmp/cargo-mutants-keyforge-E1gFMB.tmp/target/debug/deps/librand-5540fb2c8df2c40a.rlib --extern rand_chacha=/tmp/cargo-mutants-keyforge-E1gFMB.tmp/target/debug/deps/librand_chacha-5c488713e3c795ca.rlib --extern serde=/tmp/cargo-mutants-keyforge-E1gFMB.tmp/target/debug/deps/libserde-290cac5fca597898.rlib --extern thiserror=/tmp/cargo-mutants-keyforge-E1gFMB.tmp/target/debug/deps/libthiserror-a079e59fe2d7f46d.rlib --extern tracing=/tmp/cargo-mutants-keyforge-E1gFMB.tmp/target/debug/deps/libtracing-16d1f78e72b53bbc.rlib -C target-cpu=native`
     Running `/home/robert/.rustup/toolchains/stable-x86_64-unknown-linux-gnu/bin/rustc --crate-name edge_cases --edition=2021 libs/keyforge-physics/tests/edge_cases.rs --error-format=json --json=diagnostic-rendered-ansi,artifacts,future-incompat --emit=dep-info,link -C embed-bitcode=no -C debuginfo=2 --test --check-cfg 'cfg(docsrs,test)' --check-cfg 'cfg(feature, values())' -C metadata=310504dbac967a43 -C extra-filename=-f67f58e88b610296 --out-dir /tmp/cargo-mutants-keyforge-E1gFMB.tmp/target/debug/deps -C incremental=/tmp/cargo-mutants-keyforge-E1gFMB.tmp/target/debug/incremental -L dependency=/tmp/cargo-mutants-keyforge-E1gFMB.tmp/target/debug/deps --extern fastrand=/tmp/cargo-mutants-keyforge-E1gFMB.tmp/target/debug/deps/libfastrand-762fd3b680963bd6.rlib --extern keyforge_model=/tmp/cargo-mutants-keyforge-E1gFMB.tmp/target/debug/deps/libkeyforge_model-08a39416655ed114.rlib --extern keyforge_physics=/tmp/cargo-mutants-keyforge-E1gFMB.tmp/target/debug/deps/libkeyforge_physics-b98ed418f8c1fe1f.rlib --extern keyforge_protocol=/tmp/cargo-mutants-keyforge-E1gFMB.tmp/target/debug/deps/libkeyforge_protocol-9e10327954983c27.rlib --extern proptest=/tmp/cargo-mutants-keyforge-E1gFMB.tmp/target/debug/deps/libproptest-e6846fe577a4bb56.rlib --extern rand=/tmp/cargo-mutants-keyforge-E1gFMB.tmp/target/debug/deps/librand-5540fb2c8df2c40a.rlib --extern rand_chacha=/tmp/cargo-mutants-keyforge-E1gFMB.tmp/target/debug/deps/librand_chacha-5c488713e3c795ca.rlib --extern serde=/tmp/cargo-mutants-keyforge-E1gFMB.tmp/target/debug/deps/libserde-290cac5fca597898.rlib --extern thiserror=/tmp/cargo-mutants-keyforge-E1gFMB.tmp/target/debug/deps/libthiserror-a079e59fe2d7f46d.rlib --extern tracing=/tmp/cargo-mutants-keyforge-E1gFMB.tmp/target/debug/deps/libtracing-16d1f78e72b53bbc.rlib -C target-cpu=native`
warning: `keyforge-physics` (lib test) generated 4 warnings (4 duplicates)
    Finished `test` profile [unoptimized + debuginfo] target(s) in 1.28s
  Executable `/tmp/cargo-mutants-keyforge-E1gFMB.tmp/target/debug/deps/keyforge_physics-98250245914985ac`
  Executable `/tmp/cargo-mutants-keyforge-E1gFMB.tmp/target/debug/deps/analysis_tests-2af609d77db33369`
  Executable `/tmp/cargo-mutants-keyforge-E1gFMB.tmp/target/debug/deps/coverage_tests-5a3afc52e56165e4`
  Executable `/tmp/cargo-mutants-keyforge-E1gFMB.tmp/target/debug/deps/delta_validity-828a9a3edd1f7ce4`
  Executable `/tmp/cargo-mutants-keyforge-E1gFMB.tmp/target/debug/deps/edge_cases-f67f58e88b610296`
  Executable `/tmp/cargo-mutants-keyforge-E1gFMB.tmp/target/debug/deps/oracle_parity-01aedd41b2d6715e`
  Executable `/tmp/cargo-mutants-keyforge-E1gFMB.tmp/target/debug/deps/property_tests-9f5971cde249a981`

*** result: Success

*** /home/robert/.rustup/toolchains/stable-x86_64-unknown-linux-gnu/bin/cargo test --verbose --package=keyforge-physics@0.8.0
       Fresh unicode-ident v1.0.22
       Fresh version_check v0.9.5
       Fresh cfg-if v1.0.4
       Fresh siphasher v1.0.1
       Fresh proc-macro2 v1.0.103
       Fresh autocfg v1.5.0
       Fresh memchr v2.7.6
       Fresh quote v1.0.42
       Fresh libc v0.2.178
       Fresh serde_core v1.0.228
       Fresh typenum v1.19.0
       Fresh phf_generator v0.11.3
       Fresh phf_shared v0.11.3
       Fresh syn v2.0.111
       Fresh generic-array v0.14.7
       Fresh getrandom v0.3.4
       Fresh proc-macro-error-attr v1.0.4
       Fresh syn v1.0.109
       Fresh once_cell v1.21.3
       Fresh regex-syntax v0.8.8
       Fresh aho-corasick v1.1.4
       Fresh serde_derive v1.0.228
       Fresh phf_macros v0.11.3
       Fresh zerocopy v0.8.31
       Fresh num-traits v0.2.19
       Fresh proc-macro-error v1.0.4
       Fresh crypto-common v0.1.7
       Fresh rustversion v1.0.22
       Fresh block-buffer v0.10.4
       Fresh equivalent v1.0.2
       Fresh zmij v0.1.9
       Fresh serde v1.0.228
       Fresh phf v0.11.3
       Fresh hashbrown v0.16.1
       Fresh itoa v1.0.16
       Fresh heck v0.5.0
       Fresh utoipa-gen v4.3.1
       Fresh digest v0.10.7
       Fresh ppv-lite86 v0.2.21
       Fresh regex-automata v0.4.13
       Fresh thiserror-impl v2.0.17
       Fresh rand_core v0.9.3
       Fresh indexmap v2.12.1
       Fresh csscolorparser v0.7.2
       Fresh serde_json v1.0.147
       Fresh strum_macros v0.26.4
       Fresh cpufeatures v0.2.17
       Fresh rgb v0.8.52
       Fresh linux-raw-sys v0.11.0
       Fresh bitflags v2.10.0
       Fresh fastrand v2.3.0
       Fresh thiserror v2.0.17
       Fresh bincode v1.3.3
       Fresh smallvec v1.15.1
       Fresh regex v1.12.2
       Fresh strum v0.26.3
       Fresh kle-serial v0.3.3
       Fresh rustix v1.1.3
       Fresh utoipa v4.2.3
       Fresh sha2 v0.10.9
       Fresh serde-big-array v0.5.1
       Fresh getrandom v0.2.16
       Fresh hex v0.4.3
       Fresh tracing-core v0.1.36
       Fresh thiserror-impl v1.0.69
       Fresh tracing-attributes v0.1.31
       Fresh wait-timeout v0.2.1
       Fresh rand_core v0.6.4
       Fresh tempfile v3.24.0
       Fresh keyforge-model v0.8.0 (/tmp/cargo-mutants-keyforge-E1gFMB.tmp/libs/keyforge-model)
       Fresh pin-project-lite v0.2.16
       Fresh bit-vec v0.8.0
       Fresh quick-error v1.2.3
       Fresh fnv v1.0.7
       Fresh rand v0.9.2
       Fresh rand_chacha v0.9.0
       Fresh rand_xorshift v0.4.0
       Fresh unarray v0.1.4
       Fresh rusty-fork v0.3.1
       Fresh bit-set v0.8.0
       Fresh rand_chacha v0.3.1
       Fresh tracing v0.1.44
       Fresh thiserror v1.0.69
       Fresh keyforge-protocol v0.8.0 (/tmp/cargo-mutants-keyforge-E1gFMB.tmp/libs/keyforge-protocol)
       Fresh rand v0.8.5
       Fresh proptest v1.9.0
warning: unused variable: `layout`
  --> libs/keyforge-physics/src/lib.rs:61:9
   |
61 |         layout: &[KeyCode],
   |         ^^^^^^ help: if this is intentional, prefix it with an underscore: `_layout`
   |
   = note: `#[warn(unused_variables)]` (part of `#[warn(unused)]`) on by default

warning: unused variable: `pos_map`
  --> libs/keyforge-physics/src/lib.rs:62:9
   |
62 |         pos_map: &[u16],
   |         ^^^^^^^ help: if this is intentional, prefix it with an underscore: `_pos_map`

warning: unused variable: `idx_a`
  --> libs/keyforge-physics/src/lib.rs:63:9
   |
63 |         idx_a: usize,
   |         ^^^^^ help: if this is intentional, prefix it with an underscore: `_idx_a`

warning: unused variable: `idx_b`
  --> libs/keyforge-physics/src/lib.rs:64:9
   |
64 |         idx_b: usize,
   |         ^^^^^ help: if this is intentional, prefix it with an underscore: `_idx_b`

warning: `keyforge-physics` (lib) generated 4 warnings
       Fresh keyforge-physics v0.8.0 (/tmp/cargo-mutants-keyforge-E1gFMB.tmp/libs/keyforge-physics)
warning: `keyforge-physics` (lib test) generated 4 warnings (4 duplicates)
    Finished `test` profile [unoptimized + debuginfo] target(s) in 0.24s
     Running `/tmp/cargo-mutants-keyforge-E1gFMB.tmp/target/debug/deps/keyforge_physics-98250245914985ac`

running 5 tests
test tests::test_analyze_layout_empty ... ok
test tests::test_swap_delta_reflexive_skips ... ok
test tests::test_swap_delta_math_coverage ... ok
test tests::test_swap_delta_bounds_strict ... FAILED
test tests::test_analyze_layout_comprehensive ... ok

failures:

---- tests::test_swap_delta_bounds_strict stdout ----

thread 'tests::test_swap_delta_bounds_strict' (2292326) panicked at libs/keyforge-physics/src/lib.rs:228:9:
assertion `left == right` failed
  left: -1
 right: 0


failures:
    tests::test_swap_delta_bounds_strict

test result: FAILED. 4 passed; 1 failed; 0 ignored; 0 measured; 0 filtered out; finished in 0.09s

error: test failed, to rerun pass `-p keyforge-physics --lib`

*** result: Failure(101)
