
*** libs/keyforge-physics/src/lib.rs:49:9: replace ScoringEngine::analyze -> AnalysisReport with Default::default()

*** mutation diff:
--- libs/keyforge-physics/src/lib.rs
+++ replace ScoringEngine::analyze -> AnalysisReport with Default::default()
@@ -41,19 +41,17 @@
             .expect("Physics Violation: Layout size mismatch");
         
         let mut pos_map = vec![65535u16; 65536];
         score_layout(&self.ctx, &validated, &mut pos_map) as f32 / SCORE_SCALE
     }
 
     #[instrument(skip(self, layout))]
     pub fn analyze(&self, layout: &Layout) -> AnalysisReport {
-        let validated = ValidatedLayout::new(&layout.keys, self.ctx.key_count)
-            .expect("Physics Violation: Layout size mismatch");
-        analyze_layout(&self.ctx, &validated)
+        Default::default() /* ~ changed by cargo-mutants ~ */
     }
 
     #[instrument(skip(self, layout))]
     pub fn suggest_improvements(&self, layout: &Layout) -> Vec<SwapSuggestion> {
         suggest_swaps(&self.ctx, layout)
     }
 
     pub fn calculate_swap_delta(


*** /home/robert/.rustup/toolchains/stable-x86_64-unknown-linux-gnu/bin/cargo test --no-run --verbose --package=keyforge-physics@0.8.0
       Fresh unicode-ident v1.0.22
       Fresh version_check v0.9.5
       Fresh cfg-if v1.0.4
       Fresh siphasher v1.0.1
       Fresh autocfg v1.5.0
       Fresh proc-macro2 v1.0.103
       Fresh memchr v2.7.6
       Fresh quote v1.0.42
       Fresh libc v0.2.178
       Fresh serde_core v1.0.228
       Fresh typenum v1.19.0
       Fresh phf_generator v0.11.3
       Fresh phf_shared v0.11.3
       Fresh syn v2.0.111
       Fresh generic-array v0.14.7
       Fresh getrandom v0.3.4
       Fresh syn v1.0.109
       Fresh proc-macro-error-attr v1.0.4
       Fresh regex-syntax v0.8.8
       Fresh once_cell v1.21.3
       Fresh num-traits v0.2.19
       Fresh aho-corasick v1.1.4
       Fresh serde_derive v1.0.228
       Fresh phf_macros v0.11.3
       Fresh proc-macro-error v1.0.4
       Fresh rustversion v1.0.22
       Fresh zerocopy v0.8.31
       Fresh crypto-common v0.1.7
       Fresh block-buffer v0.10.4
       Fresh equivalent v1.0.2
       Fresh heck v0.5.0
       Fresh zmij v0.1.9
       Fresh serde v1.0.228
       Fresh phf v0.11.3
       Fresh itoa v1.0.16
       Fresh hashbrown v0.16.1
       Fresh strum_macros v0.26.4
       Fresh utoipa-gen v4.3.1
       Fresh ppv-lite86 v0.2.21
       Fresh digest v0.10.7
       Fresh rand_core v0.9.3
       Fresh thiserror-impl v2.0.17
       Fresh regex-automata v0.4.13
       Fresh indexmap v2.12.1
       Fresh serde_json v1.0.147
       Fresh csscolorparser v0.7.2
       Fresh linux-raw-sys v0.11.0
       Fresh rgb v0.8.52
       Fresh fastrand v2.3.0
       Fresh bitflags v2.10.0
       Fresh cpufeatures v0.2.17
       Fresh bincode v1.3.3
       Fresh strum v0.26.3
       Fresh smallvec v1.15.1
       Fresh thiserror v2.0.17
       Fresh regex v1.12.2
       Fresh kle-serial v0.3.3
       Fresh sha2 v0.10.9
       Fresh utoipa v4.2.3
       Fresh rustix v1.1.3
       Fresh serde-big-array v0.5.1
       Fresh getrandom v0.2.16
       Fresh hex v0.4.3
       Fresh tracing-core v0.1.36
       Fresh thiserror-impl v1.0.69
       Fresh tracing-attributes v0.1.31
       Fresh wait-timeout v0.2.1
       Fresh pin-project-lite v0.2.16
       Fresh rand_core v0.6.4
       Fresh keyforge-model v0.8.0 (/tmp/cargo-mutants-keyforge-E1gFMB.tmp/libs/keyforge-model)
       Fresh tempfile v3.24.0
       Fresh bit-vec v0.8.0
       Fresh fnv v1.0.7
       Fresh quick-error v1.2.3
       Fresh tracing v0.1.44
       Fresh rand_xorshift v0.4.0
       Fresh rand_chacha v0.9.0
       Fresh rand v0.9.2
       Fresh unarray v0.1.4
       Fresh rand_chacha v0.3.1
       Fresh rusty-fork v0.3.1
       Fresh bit-set v0.8.0
       Fresh keyforge-protocol v0.8.0 (/tmp/cargo-mutants-keyforge-E1gFMB.tmp/libs/keyforge-protocol)
       Fresh thiserror v1.0.69
       Fresh proptest v1.9.0
       Fresh rand v0.8.5
       Dirty keyforge-physics v0.8.0 (/tmp/cargo-mutants-keyforge-E1gFMB.tmp/libs/keyforge-physics): the file `libs/keyforge-physics/src/lib.rs` has changed (1767044465.541012841s, 1m 42s after last build at 1767044363.127940977s)
   Compiling keyforge-physics v0.8.0 (/tmp/cargo-mutants-keyforge-E1gFMB.tmp/libs/keyforge-physics)
     Running `/home/robert/.rustup/toolchains/stable-x86_64-unknown-linux-gnu/bin/rustc --crate-name keyforge_physics --edition=2021 libs/keyforge-physics/src/lib.rs --error-format=json --json=diagnostic-rendered-ansi,artifacts,future-incompat --emit=dep-info,link -C embed-bitcode=no -C debuginfo=2 --test --check-cfg 'cfg(docsrs,test)' --check-cfg 'cfg(feature, values())' -C metadata=24f39dea22057f3c -C extra-filename=-98250245914985ac --out-dir /tmp/cargo-mutants-keyforge-E1gFMB.tmp/target/debug/deps -C incremental=/tmp/cargo-mutants-keyforge-E1gFMB.tmp/target/debug/incremental -L dependency=/tmp/cargo-mutants-keyforge-E1gFMB.tmp/target/debug/deps --extern fastrand=/tmp/cargo-mutants-keyforge-E1gFMB.tmp/target/debug/deps/libfastrand-762fd3b680963bd6.rlib --extern keyforge_model=/tmp/cargo-mutants-keyforge-E1gFMB.tmp/target/debug/deps/libkeyforge_model-08a39416655ed114.rlib --extern keyforge_protocol=/tmp/cargo-mutants-keyforge-E1gFMB.tmp/target/debug/deps/libkeyforge_protocol-9e10327954983c27.rlib --extern proptest=/tmp/cargo-mutants-keyforge-E1gFMB.tmp/target/debug/deps/libproptest-e6846fe577a4bb56.rlib --extern rand=/tmp/cargo-mutants-keyforge-E1gFMB.tmp/target/debug/deps/librand-5540fb2c8df2c40a.rlib --extern rand_chacha=/tmp/cargo-mutants-keyforge-E1gFMB.tmp/target/debug/deps/librand_chacha-5c488713e3c795ca.rlib --extern serde=/tmp/cargo-mutants-keyforge-E1gFMB.tmp/target/debug/deps/libserde-290cac5fca597898.rlib --extern thiserror=/tmp/cargo-mutants-keyforge-E1gFMB.tmp/target/debug/deps/libthiserror-a079e59fe2d7f46d.rlib --extern tracing=/tmp/cargo-mutants-keyforge-E1gFMB.tmp/target/debug/deps/libtracing-16d1f78e72b53bbc.rlib -C target-cpu=native`
     Running `/home/robert/.rustup/toolchains/stable-x86_64-unknown-linux-gnu/bin/rustc --crate-name keyforge_physics --edition=2021 libs/keyforge-physics/src/lib.rs --error-format=json --json=diagnostic-rendered-ansi,artifacts,future-incompat --crate-type lib --emit=dep-info,metadata,link -C embed-bitcode=no -C debuginfo=2 --check-cfg 'cfg(docsrs,test)' --check-cfg 'cfg(feature, values())' -C metadata=a3b5fa1c70a68a66 -C extra-filename=-b98ed418f8c1fe1f --out-dir /tmp/cargo-mutants-keyforge-E1gFMB.tmp/target/debug/deps -C incremental=/tmp/cargo-mutants-keyforge-E1gFMB.tmp/target/debug/incremental -L dependency=/tmp/cargo-mutants-keyforge-E1gFMB.tmp/target/debug/deps --extern fastrand=/tmp/cargo-mutants-keyforge-E1gFMB.tmp/target/debug/deps/libfastrand-762fd3b680963bd6.rmeta --extern keyforge_model=/tmp/cargo-mutants-keyforge-E1gFMB.tmp/target/debug/deps/libkeyforge_model-08a39416655ed114.rmeta --extern keyforge_protocol=/tmp/cargo-mutants-keyforge-E1gFMB.tmp/target/debug/deps/libkeyforge_protocol-9e10327954983c27.rmeta --extern serde=/tmp/cargo-mutants-keyforge-E1gFMB.tmp/target/debug/deps/libserde-290cac5fca597898.rmeta --extern thiserror=/tmp/cargo-mutants-keyforge-E1gFMB.tmp/target/debug/deps/libthiserror-a079e59fe2d7f46d.rmeta --extern tracing=/tmp/cargo-mutants-keyforge-E1gFMB.tmp/target/debug/deps/libtracing-16d1f78e72b53bbc.rmeta -C target-cpu=native`
warning: unused import: `analyze_layout`
  --> libs/keyforge-physics/src/lib.rs:13:23
   |
13 | use kernel::compute::{analyze_layout, score_layout};
   |                       ^^^^^^^^^^^^^^
   |
   = note: `#[warn(unused_imports)]` (part of `#[warn(unused)]`) on by default

warning: unused variable: `layout`
  --> libs/keyforge-physics/src/lib.rs:48:27
   |
48 |     pub fn analyze(&self, layout: &Layout) -> AnalysisReport {
   |                           ^^^^^^ help: if this is intentional, prefix it with an underscore: `_layout`
   |
   = note: `#[warn(unused_variables)]` (part of `#[warn(unused)]`) on by default

warning: function `analyze_layout` is never used
   --> libs/keyforge-physics/src/kernel/compute.rs:216:8
    |
216 | pub fn analyze_layout(ctx: &EngineContext, layout: &ValidatedLayout) -> AnalysisReport {
    |        ^^^^^^^^^^^^^^
    |
    = note: `#[warn(dead_code)]` (part of `#[warn(unused)]`) on by default

warning: `keyforge-physics` (lib) generated 3 warnings (run `cargo fix --lib -p keyforge-physics` to apply 1 suggestion)
     Running `/home/robert/.rustup/toolchains/stable-x86_64-unknown-linux-gnu/bin/rustc --crate-name edge_cases --edition=2021 libs/keyforge-physics/tests/edge_cases.rs --error-format=json --json=diagnostic-rendered-ansi,artifacts,future-incompat --emit=dep-info,link -C embed-bitcode=no -C debuginfo=2 --test --check-cfg 'cfg(docsrs,test)' --check-cfg 'cfg(feature, values())' -C metadata=310504dbac967a43 -C extra-filename=-f67f58e88b610296 --out-dir /tmp/cargo-mutants-keyforge-E1gFMB.tmp/target/debug/deps -C incremental=/tmp/cargo-mutants-keyforge-E1gFMB.tmp/target/debug/incremental -L dependency=/tmp/cargo-mutants-keyforge-E1gFMB.tmp/target/debug/deps --extern fastrand=/tmp/cargo-mutants-keyforge-E1gFMB.tmp/target/debug/deps/libfastrand-762fd3b680963bd6.rlib --extern keyforge_model=/tmp/cargo-mutants-keyforge-E1gFMB.tmp/target/debug/deps/libkeyforge_model-08a39416655ed114.rlib --extern keyforge_physics=/tmp/cargo-mutants-keyforge-E1gFMB.tmp/target/debug/deps/libkeyforge_physics-b98ed418f8c1fe1f.rlib --extern keyforge_protocol=/tmp/cargo-mutants-keyforge-E1gFMB.tmp/target/debug/deps/libkeyforge_protocol-9e10327954983c27.rlib --extern proptest=/tmp/cargo-mutants-keyforge-E1gFMB.tmp/target/debug/deps/libproptest-e6846fe577a4bb56.rlib --extern rand=/tmp/cargo-mutants-keyforge-E1gFMB.tmp/target/debug/deps/librand-5540fb2c8df2c40a.rlib --extern rand_chacha=/tmp/cargo-mutants-keyforge-E1gFMB.tmp/target/debug/deps/librand_chacha-5c488713e3c795ca.rlib --extern serde=/tmp/cargo-mutants-keyforge-E1gFMB.tmp/target/debug/deps/libserde-290cac5fca597898.rlib --extern thiserror=/tmp/cargo-mutants-keyforge-E1gFMB.tmp/target/debug/deps/libthiserror-a079e59fe2d7f46d.rlib --extern tracing=/tmp/cargo-mutants-keyforge-E1gFMB.tmp/target/debug/deps/libtracing-16d1f78e72b53bbc.rlib -C target-cpu=native`
     Running `/home/robert/.rustup/toolchains/stable-x86_64-unknown-linux-gnu/bin/rustc --crate-name property_tests --edition=2021 libs/keyforge-physics/tests/property_tests.rs --error-format=json --json=diagnostic-rendered-ansi,artifacts,future-incompat --emit=dep-info,link -C embed-bitcode=no -C debuginfo=2 --test --check-cfg 'cfg(docsrs,test)' --check-cfg 'cfg(feature, values())' -C metadata=2049d768e4486614 -C extra-filename=-9f5971cde249a981 --out-dir /tmp/cargo-mutants-keyforge-E1gFMB.tmp/target/debug/deps -C incremental=/tmp/cargo-mutants-keyforge-E1gFMB.tmp/target/debug/incremental -L dependency=/tmp/cargo-mutants-keyforge-E1gFMB.tmp/target/debug/deps --extern fastrand=/tmp/cargo-mutants-keyforge-E1gFMB.tmp/target/debug/deps/libfastrand-762fd3b680963bd6.rlib --extern keyforge_model=/tmp/cargo-mutants-keyforge-E1gFMB.tmp/target/debug/deps/libkeyforge_model-08a39416655ed114.rlib --extern keyforge_physics=/tmp/cargo-mutants-keyforge-E1gFMB.tmp/target/debug/deps/libkeyforge_physics-b98ed418f8c1fe1f.rlib --extern keyforge_protocol=/tmp/cargo-mutants-keyforge-E1gFMB.tmp/target/debug/deps/libkeyforge_protocol-9e10327954983c27.rlib --extern proptest=/tmp/cargo-mutants-keyforge-E1gFMB.tmp/target/debug/deps/libproptest-e6846fe577a4bb56.rlib --extern rand=/tmp/cargo-mutants-keyforge-E1gFMB.tmp/target/debug/deps/librand-5540fb2c8df2c40a.rlib --extern rand_chacha=/tmp/cargo-mutants-keyforge-E1gFMB.tmp/target/debug/deps/librand_chacha-5c488713e3c795ca.rlib --extern serde=/tmp/cargo-mutants-keyforge-E1gFMB.tmp/target/debug/deps/libserde-290cac5fca597898.rlib --extern thiserror=/tmp/cargo-mutants-keyforge-E1gFMB.tmp/target/debug/deps/libthiserror-a079e59fe2d7f46d.rlib --extern tracing=/tmp/cargo-mutants-keyforge-E1gFMB.tmp/target/debug/deps/libtracing-16d1f78e72b53bbc.rlib -C target-cpu=native`
     Running `/home/robert/.rustup/toolchains/stable-x86_64-unknown-linux-gnu/bin/rustc --crate-name analysis_tests --edition=2021 libs/keyforge-physics/tests/analysis_tests.rs --error-format=json --json=diagnostic-rendered-ansi,artifacts,future-incompat --emit=dep-info,link -C embed-bitcode=no -C debuginfo=2 --test --check-cfg 'cfg(docsrs,test)' --check-cfg 'cfg(feature, values())' -C metadata=7d737bec3af681e5 -C extra-filename=-2af609d77db33369 --out-dir /tmp/cargo-mutants-keyforge-E1gFMB.tmp/target/debug/deps -C incremental=/tmp/cargo-mutants-keyforge-E1gFMB.tmp/target/debug/incremental -L dependency=/tmp/cargo-mutants-keyforge-E1gFMB.tmp/target/debug/deps --extern fastrand=/tmp/cargo-mutants-keyforge-E1gFMB.tmp/target/debug/deps/libfastrand-762fd3b680963bd6.rlib --extern keyforge_model=/tmp/cargo-mutants-keyforge-E1gFMB.tmp/target/debug/deps/libkeyforge_model-08a39416655ed114.rlib --extern keyforge_physics=/tmp/cargo-mutants-keyforge-E1gFMB.tmp/target/debug/deps/libkeyforge_physics-b98ed418f8c1fe1f.rlib --extern keyforge_protocol=/tmp/cargo-mutants-keyforge-E1gFMB.tmp/target/debug/deps/libkeyforge_protocol-9e10327954983c27.rlib --extern proptest=/tmp/cargo-mutants-keyforge-E1gFMB.tmp/target/debug/deps/libproptest-e6846fe577a4bb56.rlib --extern rand=/tmp/cargo-mutants-keyforge-E1gFMB.tmp/target/debug/deps/librand-5540fb2c8df2c40a.rlib --extern rand_chacha=/tmp/cargo-mutants-keyforge-E1gFMB.tmp/target/debug/deps/librand_chacha-5c488713e3c795ca.rlib --extern serde=/tmp/cargo-mutants-keyforge-E1gFMB.tmp/target/debug/deps/libserde-290cac5fca597898.rlib --extern thiserror=/tmp/cargo-mutants-keyforge-E1gFMB.tmp/target/debug/deps/libthiserror-a079e59fe2d7f46d.rlib --extern tracing=/tmp/cargo-mutants-keyforge-E1gFMB.tmp/target/debug/deps/libtracing-16d1f78e72b53bbc.rlib -C target-cpu=native`
     Running `/home/robert/.rustup/toolchains/stable-x86_64-unknown-linux-gnu/bin/rustc --crate-name coverage_tests --edition=2021 libs/keyforge-physics/tests/coverage_tests.rs --error-format=json --json=diagnostic-rendered-ansi,artifacts,future-incompat --emit=dep-info,link -C embed-bitcode=no -C debuginfo=2 --test --check-cfg 'cfg(docsrs,test)' --check-cfg 'cfg(feature, values())' -C metadata=e9659c334bd16c87 -C extra-filename=-5a3afc52e56165e4 --out-dir /tmp/cargo-mutants-keyforge-E1gFMB.tmp/target/debug/deps -C incremental=/tmp/cargo-mutants-keyforge-E1gFMB.tmp/target/debug/incremental -L dependency=/tmp/cargo-mutants-keyforge-E1gFMB.tmp/target/debug/deps --extern fastrand=/tmp/cargo-mutants-keyforge-E1gFMB.tmp/target/debug/deps/libfastrand-762fd3b680963bd6.rlib --extern keyforge_model=/tmp/cargo-mutants-keyforge-E1gFMB.tmp/target/debug/deps/libkeyforge_model-08a39416655ed114.rlib --extern keyforge_physics=/tmp/cargo-mutants-keyforge-E1gFMB.tmp/target/debug/deps/libkeyforge_physics-b98ed418f8c1fe1f.rlib --extern keyforge_protocol=/tmp/cargo-mutants-keyforge-E1gFMB.tmp/target/debug/deps/libkeyforge_protocol-9e10327954983c27.rlib --extern proptest=/tmp/cargo-mutants-keyforge-E1gFMB.tmp/target/debug/deps/libproptest-e6846fe577a4bb56.rlib --extern rand=/tmp/cargo-mutants-keyforge-E1gFMB.tmp/target/debug/deps/librand-5540fb2c8df2c40a.rlib --extern rand_chacha=/tmp/cargo-mutants-keyforge-E1gFMB.tmp/target/debug/deps/librand_chacha-5c488713e3c795ca.rlib --extern serde=/tmp/cargo-mutants-keyforge-E1gFMB.tmp/target/debug/deps/libserde-290cac5fca597898.rlib --extern thiserror=/tmp/cargo-mutants-keyforge-E1gFMB.tmp/target/debug/deps/libthiserror-a079e59fe2d7f46d.rlib --extern tracing=/tmp/cargo-mutants-keyforge-E1gFMB.tmp/target/debug/deps/libtracing-16d1f78e72b53bbc.rlib -C target-cpu=native`
     Running `/home/robert/.rustup/toolchains/stable-x86_64-unknown-linux-gnu/bin/rustc --crate-name delta_validity --edition=2021 libs/keyforge-physics/tests/delta_validity.rs --error-format=json --json=diagnostic-rendered-ansi,artifacts,future-incompat --emit=dep-info,link -C embed-bitcode=no -C debuginfo=2 --test --check-cfg 'cfg(docsrs,test)' --check-cfg 'cfg(feature, values())' -C metadata=63be058c2ef64c72 -C extra-filename=-828a9a3edd1f7ce4 --out-dir /tmp/cargo-mutants-keyforge-E1gFMB.tmp/target/debug/deps -C incremental=/tmp/cargo-mutants-keyforge-E1gFMB.tmp/target/debug/incremental -L dependency=/tmp/cargo-mutants-keyforge-E1gFMB.tmp/target/debug/deps --extern fastrand=/tmp/cargo-mutants-keyforge-E1gFMB.tmp/target/debug/deps/libfastrand-762fd3b680963bd6.rlib --extern keyforge_model=/tmp/cargo-mutants-keyforge-E1gFMB.tmp/target/debug/deps/libkeyforge_model-08a39416655ed114.rlib --extern keyforge_physics=/tmp/cargo-mutants-keyforge-E1gFMB.tmp/target/debug/deps/libkeyforge_physics-b98ed418f8c1fe1f.rlib --extern keyforge_protocol=/tmp/cargo-mutants-keyforge-E1gFMB.tmp/target/debug/deps/libkeyforge_protocol-9e10327954983c27.rlib --extern proptest=/tmp/cargo-mutants-keyforge-E1gFMB.tmp/target/debug/deps/libproptest-e6846fe577a4bb56.rlib --extern rand=/tmp/cargo-mutants-keyforge-E1gFMB.tmp/target/debug/deps/librand-5540fb2c8df2c40a.rlib --extern rand_chacha=/tmp/cargo-mutants-keyforge-E1gFMB.tmp/target/debug/deps/librand_chacha-5c488713e3c795ca.rlib --extern serde=/tmp/cargo-mutants-keyforge-E1gFMB.tmp/target/debug/deps/libserde-290cac5fca597898.rlib --extern thiserror=/tmp/cargo-mutants-keyforge-E1gFMB.tmp/target/debug/deps/libthiserror-a079e59fe2d7f46d.rlib --extern tracing=/tmp/cargo-mutants-keyforge-E1gFMB.tmp/target/debug/deps/libtracing-16d1f78e72b53bbc.rlib -C target-cpu=native`
     Running `/home/robert/.rustup/toolchains/stable-x86_64-unknown-linux-gnu/bin/rustc --crate-name oracle_parity --edition=2021 libs/keyforge-physics/tests/oracle_parity.rs --error-format=json --json=diagnostic-rendered-ansi,artifacts,future-incompat --emit=dep-info,link -C embed-bitcode=no -C debuginfo=2 --test --check-cfg 'cfg(docsrs,test)' --check-cfg 'cfg(feature, values())' -C metadata=261811fc80a9d692 -C extra-filename=-01aedd41b2d6715e --out-dir /tmp/cargo-mutants-keyforge-E1gFMB.tmp/target/debug/deps -C incremental=/tmp/cargo-mutants-keyforge-E1gFMB.tmp/target/debug/incremental -L dependency=/tmp/cargo-mutants-keyforge-E1gFMB.tmp/target/debug/deps --extern fastrand=/tmp/cargo-mutants-keyforge-E1gFMB.tmp/target/debug/deps/libfastrand-762fd3b680963bd6.rlib --extern keyforge_model=/tmp/cargo-mutants-keyforge-E1gFMB.tmp/target/debug/deps/libkeyforge_model-08a39416655ed114.rlib --extern keyforge_physics=/tmp/cargo-mutants-keyforge-E1gFMB.tmp/target/debug/deps/libkeyforge_physics-b98ed418f8c1fe1f.rlib --extern keyforge_protocol=/tmp/cargo-mutants-keyforge-E1gFMB.tmp/target/debug/deps/libkeyforge_protocol-9e10327954983c27.rlib --extern proptest=/tmp/cargo-mutants-keyforge-E1gFMB.tmp/target/debug/deps/libproptest-e6846fe577a4bb56.rlib --extern rand=/tmp/cargo-mutants-keyforge-E1gFMB.tmp/target/debug/deps/librand-5540fb2c8df2c40a.rlib --extern rand_chacha=/tmp/cargo-mutants-keyforge-E1gFMB.tmp/target/debug/deps/librand_chacha-5c488713e3c795ca.rlib --extern serde=/tmp/cargo-mutants-keyforge-E1gFMB.tmp/target/debug/deps/libserde-290cac5fca597898.rlib --extern thiserror=/tmp/cargo-mutants-keyforge-E1gFMB.tmp/target/debug/deps/libthiserror-a079e59fe2d7f46d.rlib --extern tracing=/tmp/cargo-mutants-keyforge-E1gFMB.tmp/target/debug/deps/libtracing-16d1f78e72b53bbc.rlib -C target-cpu=native`
warning: `keyforge-physics` (lib test) generated 3 warnings (3 duplicates)
    Finished `test` profile [unoptimized + debuginfo] target(s) in 4.44s
  Executable `/tmp/cargo-mutants-keyforge-E1gFMB.tmp/target/debug/deps/keyforge_physics-98250245914985ac`
  Executable `/tmp/cargo-mutants-keyforge-E1gFMB.tmp/target/debug/deps/analysis_tests-2af609d77db33369`
  Executable `/tmp/cargo-mutants-keyforge-E1gFMB.tmp/target/debug/deps/coverage_tests-5a3afc52e56165e4`
  Executable `/tmp/cargo-mutants-keyforge-E1gFMB.tmp/target/debug/deps/delta_validity-828a9a3edd1f7ce4`
  Executable `/tmp/cargo-mutants-keyforge-E1gFMB.tmp/target/debug/deps/edge_cases-f67f58e88b610296`
  Executable `/tmp/cargo-mutants-keyforge-E1gFMB.tmp/target/debug/deps/oracle_parity-01aedd41b2d6715e`
  Executable `/tmp/cargo-mutants-keyforge-E1gFMB.tmp/target/debug/deps/property_tests-9f5971cde249a981`

*** result: Success

*** /home/robert/.rustup/toolchains/stable-x86_64-unknown-linux-gnu/bin/cargo test --verbose --package=keyforge-physics@0.8.0
       Fresh unicode-ident v1.0.22
       Fresh version_check v0.9.5
       Fresh cfg-if v1.0.4
       Fresh siphasher v1.0.1
       Fresh autocfg v1.5.0
       Fresh proc-macro2 v1.0.103
       Fresh memchr v2.7.6
       Fresh quote v1.0.42
       Fresh libc v0.2.178
       Fresh serde_core v1.0.228
       Fresh typenum v1.19.0
       Fresh phf_generator v0.11.3
       Fresh phf_shared v0.11.3
       Fresh syn v2.0.111
       Fresh getrandom v0.3.4
       Fresh generic-array v0.14.7
       Fresh syn v1.0.109
       Fresh proc-macro-error-attr v1.0.4
       Fresh regex-syntax v0.8.8
       Fresh once_cell v1.21.3
       Fresh aho-corasick v1.1.4
       Fresh serde_derive v1.0.228
       Fresh phf_macros v0.11.3
       Fresh proc-macro-error v1.0.4
       Fresh num-traits v0.2.19
       Fresh zerocopy v0.8.31
       Fresh crypto-common v0.1.7
       Fresh rustversion v1.0.22
       Fresh block-buffer v0.10.4
       Fresh zmij v0.1.9
       Fresh equivalent v1.0.2
       Fresh hashbrown v0.16.1
       Fresh serde v1.0.228
       Fresh phf v0.11.3
       Fresh itoa v1.0.16
       Fresh heck v0.5.0
       Fresh utoipa-gen v4.3.1
       Fresh indexmap v2.12.1
       Fresh ppv-lite86 v0.2.21
       Fresh digest v0.10.7
       Fresh thiserror-impl v2.0.17
       Fresh regex-automata v0.4.13
       Fresh rand_core v0.9.3
       Fresh csscolorparser v0.7.2
       Fresh serde_json v1.0.147
       Fresh strum_macros v0.26.4
       Fresh rgb v0.8.52
       Fresh cpufeatures v0.2.17
       Fresh linux-raw-sys v0.11.0
       Fresh fastrand v2.3.0
       Fresh bitflags v2.10.0
       Fresh serde-big-array v0.5.1
       Fresh bincode v1.3.3
       Fresh regex v1.12.2
       Fresh smallvec v1.15.1
       Fresh strum v0.26.3
       Fresh sha2 v0.10.9
       Fresh thiserror v2.0.17
       Fresh utoipa v4.2.3
       Fresh kle-serial v0.3.3
       Fresh rustix v1.1.3
       Fresh getrandom v0.2.16
       Fresh hex v0.4.3
       Fresh tracing-attributes v0.1.31
       Fresh thiserror-impl v1.0.69
       Fresh tracing-core v0.1.36
       Fresh wait-timeout v0.2.1
       Fresh tempfile v3.24.0
       Fresh keyforge-model v0.8.0 (/tmp/cargo-mutants-keyforge-E1gFMB.tmp/libs/keyforge-model)
       Fresh rand_core v0.6.4
       Fresh bit-vec v0.8.0
       Fresh quick-error v1.2.3
       Fresh pin-project-lite v0.2.16
       Fresh fnv v1.0.7
       Fresh rand v0.9.2
       Fresh rand_chacha v0.9.0
       Fresh rand_xorshift v0.4.0
       Fresh unarray v0.1.4
       Fresh rand_chacha v0.3.1
       Fresh tracing v0.1.44
       Fresh rusty-fork v0.3.1
       Fresh thiserror v1.0.69
       Fresh keyforge-protocol v0.8.0 (/tmp/cargo-mutants-keyforge-E1gFMB.tmp/libs/keyforge-protocol)
       Fresh bit-set v0.8.0
       Fresh proptest v1.9.0
       Fresh rand v0.8.5
warning: unused import: `analyze_layout`
  --> libs/keyforge-physics/src/lib.rs:13:23
   |
13 | use kernel::compute::{analyze_layout, score_layout};
   |                       ^^^^^^^^^^^^^^
   |
   = note: `#[warn(unused_imports)]` (part of `#[warn(unused)]`) on by default

warning: unused variable: `layout`
  --> libs/keyforge-physics/src/lib.rs:48:27
   |
48 |     pub fn analyze(&self, layout: &Layout) -> AnalysisReport {
   |                           ^^^^^^ help: if this is intentional, prefix it with an underscore: `_layout`
   |
   = note: `#[warn(unused_variables)]` (part of `#[warn(unused)]`) on by default

warning: function `analyze_layout` is never used
   --> libs/keyforge-physics/src/kernel/compute.rs:216:8
    |
216 | pub fn analyze_layout(ctx: &EngineContext, layout: &ValidatedLayout) -> AnalysisReport {
    |        ^^^^^^^^^^^^^^
    |
    = note: `#[warn(dead_code)]` (part of `#[warn(unused)]`) on by default

warning: `keyforge-physics` (lib) generated 3 warnings (run `cargo fix --lib -p keyforge-physics` to apply 1 suggestion)
       Fresh keyforge-physics v0.8.0 (/tmp/cargo-mutants-keyforge-E1gFMB.tmp/libs/keyforge-physics)
warning: `keyforge-physics` (lib test) generated 3 warnings (3 duplicates)
    Finished `test` profile [unoptimized + debuginfo] target(s) in 0.49s
     Running `/tmp/cargo-mutants-keyforge-E1gFMB.tmp/target/debug/deps/keyforge_physics-98250245914985ac`

running 5 tests
test tests::test_swap_delta_reflexive_skips ... ok
test tests::test_analyze_layout_comprehensive ... FAILED
test tests::test_swap_delta_bounds_strict ... ok
test tests::test_analyze_layout_empty ... FAILED
test tests::test_swap_delta_math_coverage ... ok

failures:

---- tests::test_analyze_layout_comprehensive stdout ----

thread 'tests::test_analyze_layout_comprehensive' (2288527) panicked at libs/keyforge-physics/src/lib.rs:193:34:
index out of bounds: the len is 0 but the index is 0
note: run with `RUST_BACKTRACE=1` environment variable to display a backtrace

---- tests::test_analyze_layout_empty stdout ----

thread 'tests::test_analyze_layout_empty' (2288528) panicked at libs/keyforge-physics/src/lib.rs:210:9:
assertion failed: result.is_err()


failures:
    tests::test_analyze_layout_comprehensive
    tests::test_analyze_layout_empty

test result: FAILED. 3 passed; 2 failed; 0 ignored; 0 measured; 0 filtered out; finished in 0.15s

error: test failed, to rerun pass `-p keyforge-physics --lib`

*** result: Failure(101)
