
*** libs/keyforge-physics/src/lib.rs:56:9: replace ScoringEngine::suggest_improvements -> Vec<SwapSuggestion> with vec![Default::default()]

*** mutation diff:
--- libs/keyforge-physics/src/lib.rs
+++ replace ScoringEngine::suggest_improvements -> Vec<SwapSuggestion> with vec![Default::default()]
@@ -48,17 +48,17 @@
     pub fn analyze(&self, layout: &Layout) -> AnalysisReport {
         let validated = ValidatedLayout::new(&layout.keys, self.ctx.key_count)
             .expect("Physics Violation: Layout size mismatch");
         analyze_layout(&self.ctx, &validated)
     }
 
     #[instrument(skip(self, layout))]
     pub fn suggest_improvements(&self, layout: &Layout) -> Vec<SwapSuggestion> {
-        suggest_swaps(&self.ctx, layout)
+        vec![Default::default()] /* ~ changed by cargo-mutants ~ */
     }
 
     pub fn calculate_swap_delta(
         &self,
         layout: &[KeyCode],
         pos_map: &[u16],
         idx_a: usize,
         idx_b: usize,


*** /home/robert/.rustup/toolchains/stable-x86_64-unknown-linux-gnu/bin/cargo test --no-run --verbose --package=keyforge-physics@0.8.0
       Fresh unicode-ident v1.0.22
       Fresh version_check v0.9.5
       Fresh cfg-if v1.0.4
       Fresh siphasher v1.0.1
       Fresh memchr v2.7.6
       Fresh proc-macro2 v1.0.103
       Fresh autocfg v1.5.0
       Fresh quote v1.0.42
       Fresh libc v0.2.178
       Fresh serde_core v1.0.228
       Fresh typenum v1.19.0
       Fresh phf_generator v0.11.3
       Fresh phf_shared v0.11.3
       Fresh syn v2.0.111
       Fresh getrandom v0.3.4
       Fresh generic-array v0.14.7
       Fresh proc-macro-error-attr v1.0.4
       Fresh syn v1.0.109
       Fresh once_cell v1.21.3
       Fresh regex-syntax v0.8.8
       Fresh aho-corasick v1.1.4
       Fresh serde_derive v1.0.228
       Fresh phf_macros v0.11.3
       Fresh crypto-common v0.1.7
       Fresh num-traits v0.2.19
       Fresh block-buffer v0.10.4
       Fresh zerocopy v0.8.31
       Fresh rustversion v1.0.22
       Fresh proc-macro-error v1.0.4
       Fresh hashbrown v0.16.1
       Fresh zmij v0.1.9
       Fresh equivalent v1.0.2
       Fresh serde v1.0.228
       Fresh phf v0.11.3
       Fresh heck v0.5.0
       Fresh itoa v1.0.16
       Fresh indexmap v2.12.1
       Fresh utoipa-gen v4.3.1
       Fresh digest v0.10.7
       Fresh ppv-lite86 v0.2.21
       Fresh thiserror-impl v2.0.17
       Fresh regex-automata v0.4.13
       Fresh rand_core v0.9.3
       Fresh strum_macros v0.26.4
       Fresh csscolorparser v0.7.2
       Fresh serde_json v1.0.147
       Fresh rgb v0.8.52
       Fresh fastrand v2.3.0
       Fresh bitflags v2.10.0
       Fresh linux-raw-sys v0.11.0
       Fresh cpufeatures v0.2.17
       Fresh smallvec v1.15.1
       Fresh regex v1.12.2
       Fresh serde-big-array v0.5.1
       Fresh thiserror v2.0.17
       Fresh kle-serial v0.3.3
       Fresh rustix v1.1.3
       Fresh strum v0.26.3
       Fresh utoipa v4.2.3
       Fresh sha2 v0.10.9
       Fresh bincode v1.3.3
       Fresh getrandom v0.2.16
       Fresh hex v0.4.3
       Fresh tracing-core v0.1.36
       Fresh tracing-attributes v0.1.31
       Fresh thiserror-impl v1.0.69
       Fresh wait-timeout v0.2.1
       Fresh tempfile v3.24.0
       Fresh rand_core v0.6.4
       Fresh keyforge-model v0.8.0 (/tmp/cargo-mutants-keyforge-E1gFMB.tmp/libs/keyforge-model)
       Fresh bit-vec v0.8.0
       Fresh quick-error v1.2.3
       Fresh fnv v1.0.7
       Fresh pin-project-lite v0.2.16
       Fresh rand_chacha v0.9.0
       Fresh rand v0.9.2
       Fresh rand_xorshift v0.4.0
       Fresh unarray v0.1.4
       Fresh bit-set v0.8.0
       Fresh rusty-fork v0.3.1
       Fresh rand_chacha v0.3.1
       Fresh tracing v0.1.44
       Fresh thiserror v1.0.69
       Fresh keyforge-protocol v0.8.0 (/tmp/cargo-mutants-keyforge-E1gFMB.tmp/libs/keyforge-protocol)
       Fresh proptest v1.9.0
       Fresh rand v0.8.5
       Dirty keyforge-physics v0.8.0 (/tmp/cargo-mutants-keyforge-E1gFMB.tmp/libs/keyforge-physics): the file `libs/keyforge-physics/src/lib.rs` has changed (1767044476.635064830s, 5s after last build at 1767044471.345275998s)
   Compiling keyforge-physics v0.8.0 (/tmp/cargo-mutants-keyforge-E1gFMB.tmp/libs/keyforge-physics)
     Running `/home/robert/.rustup/toolchains/stable-x86_64-unknown-linux-gnu/bin/rustc --crate-name keyforge_physics --edition=2021 libs/keyforge-physics/src/lib.rs --error-format=json --json=diagnostic-rendered-ansi,artifacts,future-incompat --emit=dep-info,link -C embed-bitcode=no -C debuginfo=2 --test --check-cfg 'cfg(docsrs,test)' --check-cfg 'cfg(feature, values())' -C metadata=24f39dea22057f3c -C extra-filename=-98250245914985ac --out-dir /tmp/cargo-mutants-keyforge-E1gFMB.tmp/target/debug/deps -C incremental=/tmp/cargo-mutants-keyforge-E1gFMB.tmp/target/debug/incremental -L dependency=/tmp/cargo-mutants-keyforge-E1gFMB.tmp/target/debug/deps --extern fastrand=/tmp/cargo-mutants-keyforge-E1gFMB.tmp/target/debug/deps/libfastrand-762fd3b680963bd6.rlib --extern keyforge_model=/tmp/cargo-mutants-keyforge-E1gFMB.tmp/target/debug/deps/libkeyforge_model-08a39416655ed114.rlib --extern keyforge_protocol=/tmp/cargo-mutants-keyforge-E1gFMB.tmp/target/debug/deps/libkeyforge_protocol-9e10327954983c27.rlib --extern proptest=/tmp/cargo-mutants-keyforge-E1gFMB.tmp/target/debug/deps/libproptest-e6846fe577a4bb56.rlib --extern rand=/tmp/cargo-mutants-keyforge-E1gFMB.tmp/target/debug/deps/librand-5540fb2c8df2c40a.rlib --extern rand_chacha=/tmp/cargo-mutants-keyforge-E1gFMB.tmp/target/debug/deps/librand_chacha-5c488713e3c795ca.rlib --extern serde=/tmp/cargo-mutants-keyforge-E1gFMB.tmp/target/debug/deps/libserde-290cac5fca597898.rlib --extern thiserror=/tmp/cargo-mutants-keyforge-E1gFMB.tmp/target/debug/deps/libthiserror-a079e59fe2d7f46d.rlib --extern tracing=/tmp/cargo-mutants-keyforge-E1gFMB.tmp/target/debug/deps/libtracing-16d1f78e72b53bbc.rlib -C target-cpu=native`
     Running `/home/robert/.rustup/toolchains/stable-x86_64-unknown-linux-gnu/bin/rustc --crate-name keyforge_physics --edition=2021 libs/keyforge-physics/src/lib.rs --error-format=json --json=diagnostic-rendered-ansi,artifacts,future-incompat --crate-type lib --emit=dep-info,metadata,link -C embed-bitcode=no -C debuginfo=2 --check-cfg 'cfg(docsrs,test)' --check-cfg 'cfg(feature, values())' -C metadata=a3b5fa1c70a68a66 -C extra-filename=-b98ed418f8c1fe1f --out-dir /tmp/cargo-mutants-keyforge-E1gFMB.tmp/target/debug/deps -C incremental=/tmp/cargo-mutants-keyforge-E1gFMB.tmp/target/debug/incremental -L dependency=/tmp/cargo-mutants-keyforge-E1gFMB.tmp/target/debug/deps --extern fastrand=/tmp/cargo-mutants-keyforge-E1gFMB.tmp/target/debug/deps/libfastrand-762fd3b680963bd6.rmeta --extern keyforge_model=/tmp/cargo-mutants-keyforge-E1gFMB.tmp/target/debug/deps/libkeyforge_model-08a39416655ed114.rmeta --extern keyforge_protocol=/tmp/cargo-mutants-keyforge-E1gFMB.tmp/target/debug/deps/libkeyforge_protocol-9e10327954983c27.rmeta --extern serde=/tmp/cargo-mutants-keyforge-E1gFMB.tmp/target/debug/deps/libserde-290cac5fca597898.rmeta --extern thiserror=/tmp/cargo-mutants-keyforge-E1gFMB.tmp/target/debug/deps/libthiserror-a079e59fe2d7f46d.rmeta --extern tracing=/tmp/cargo-mutants-keyforge-E1gFMB.tmp/target/debug/deps/libtracing-16d1f78e72b53bbc.rmeta -C target-cpu=native`
warning: unused import: `analysis::heuristics::suggest_swaps`
  --> libs/keyforge-physics/src/lib.rs:10:5
   |
10 | use analysis::heuristics::suggest_swaps;
   |     ^^^^^^^^^^^^^^^^^^^^^^^^^^^^^^^^^^^
   |
   = note: `#[warn(unused_imports)]` (part of `#[warn(unused)]`) on by default

error[E0277]: the trait bound `SwapSuggestion: Default` is not satisfied
  --> libs/keyforge-physics/src/lib.rs:56:14
   |
56 |         vec![Default::default()] /* ~ changed by cargo-mutants ~ */
   |              ^^^^^^^^^^^^^^^^^^ the trait `Default` is not implemented for `SwapSuggestion`

For more information about this error, try `rustc --explain E0277`.
warning: `keyforge-physics` (lib) generated 1 warning
error: could not compile `keyforge-physics` (lib) due to 1 previous error; 1 warning emitted

Caused by:
  process didn't exit successfully: `/home/robert/.rustup/toolchains/stable-x86_64-unknown-linux-gnu/bin/rustc --crate-name keyforge_physics --edition=2021 libs/keyforge-physics/src/lib.rs --error-format=json --json=diagnostic-rendered-ansi,artifacts,future-incompat --crate-type lib --emit=dep-info,metadata,link -C embed-bitcode=no -C debuginfo=2 --check-cfg 'cfg(docsrs,test)' --check-cfg 'cfg(feature, values())' -C metadata=a3b5fa1c70a68a66 -C extra-filename=-b98ed418f8c1fe1f --out-dir /tmp/cargo-mutants-keyforge-E1gFMB.tmp/target/debug/deps -C incremental=/tmp/cargo-mutants-keyforge-E1gFMB.tmp/target/debug/incremental -L dependency=/tmp/cargo-mutants-keyforge-E1gFMB.tmp/target/debug/deps --extern fastrand=/tmp/cargo-mutants-keyforge-E1gFMB.tmp/target/debug/deps/libfastrand-762fd3b680963bd6.rmeta --extern keyforge_model=/tmp/cargo-mutants-keyforge-E1gFMB.tmp/target/debug/deps/libkeyforge_model-08a39416655ed114.rmeta --extern keyforge_protocol=/tmp/cargo-mutants-keyforge-E1gFMB.tmp/target/debug/deps/libkeyforge_protocol-9e10327954983c27.rmeta --extern serde=/tmp/cargo-mutants-keyforge-E1gFMB.tmp/target/debug/deps/libserde-290cac5fca597898.rmeta --extern thiserror=/tmp/cargo-mutants-keyforge-E1gFMB.tmp/target/debug/deps/libthiserror-a079e59fe2d7f46d.rmeta --extern tracing=/tmp/cargo-mutants-keyforge-E1gFMB.tmp/target/debug/deps/libtracing-16d1f78e72b53bbc.rmeta -C target-cpu=native` (exit status: 1)
warning: build failed, waiting for other jobs to finish...
warning: `keyforge-physics` (lib test) generated 1 warning (1 duplicate)
error: could not compile `keyforge-physics` (lib test) due to 1 previous error; 1 warning emitted

Caused by:
  process didn't exit successfully: `/home/robert/.rustup/toolchains/stable-x86_64-unknown-linux-gnu/bin/rustc --crate-name keyforge_physics --edition=2021 libs/keyforge-physics/src/lib.rs --error-format=json --json=diagnostic-rendered-ansi,artifacts,future-incompat --emit=dep-info,link -C embed-bitcode=no -C debuginfo=2 --test --check-cfg 'cfg(docsrs,test)' --check-cfg 'cfg(feature, values())' -C metadata=24f39dea22057f3c -C extra-filename=-98250245914985ac --out-dir /tmp/cargo-mutants-keyforge-E1gFMB.tmp/target/debug/deps -C incremental=/tmp/cargo-mutants-keyforge-E1gFMB.tmp/target/debug/incremental -L dependency=/tmp/cargo-mutants-keyforge-E1gFMB.tmp/target/debug/deps --extern fastrand=/tmp/cargo-mutants-keyforge-E1gFMB.tmp/target/debug/deps/libfastrand-762fd3b680963bd6.rlib --extern keyforge_model=/tmp/cargo-mutants-keyforge-E1gFMB.tmp/target/debug/deps/libkeyforge_model-08a39416655ed114.rlib --extern keyforge_protocol=/tmp/cargo-mutants-keyforge-E1gFMB.tmp/target/debug/deps/libkeyforge_protocol-9e10327954983c27.rlib --extern proptest=/tmp/cargo-mutants-keyforge-E1gFMB.tmp/target/debug/deps/libproptest-e6846fe577a4bb56.rlib --extern rand=/tmp/cargo-mutants-keyforge-E1gFMB.tmp/target/debug/deps/librand-5540fb2c8df2c40a.rlib --extern rand_chacha=/tmp/cargo-mutants-keyforge-E1gFMB.tmp/target/debug/deps/librand_chacha-5c488713e3c795ca.rlib --extern serde=/tmp/cargo-mutants-keyforge-E1gFMB.tmp/target/debug/deps/libserde-290cac5fca597898.rlib --extern thiserror=/tmp/cargo-mutants-keyforge-E1gFMB.tmp/target/debug/deps/libthiserror-a079e59fe2d7f46d.rlib --extern tracing=/tmp/cargo-mutants-keyforge-E1gFMB.tmp/target/debug/deps/libtracing-16d1f78e72b53bbc.rlib -C target-cpu=native` (exit status: 1)

*** result: Failure(101)
